Archive member included to satisfy reference by file (symbol)

c:/clion/gcc-arm-none-eabi-10.3-2021.10/bin/../lib/gcc/arm-none-eabi/10.3.1/../../../../arm-none-eabi/lib/thumb/v7-m/nofp\libg.a(lib_a-errno.o)
                              CMakeFiles/clion_f1_project.elf.dir/Core/Src/retarget.c.obj (__errno)
c:/clion/gcc-arm-none-eabi-10.3-2021.10/bin/../lib/gcc/arm-none-eabi/10.3.1/../../../../arm-none-eabi/lib/thumb/v7-m/nofp\libg.a(lib_a-exit.o)
                              c:/clion/gcc-arm-none-eabi-10.3-2021.10/bin/../lib/gcc/arm-none-eabi/10.3.1/../../../../arm-none-eabi/lib/thumb/v7-m/nofp/crt0.o (exit)
c:/clion/gcc-arm-none-eabi-10.3-2021.10/bin/../lib/gcc/arm-none-eabi/10.3.1/../../../../arm-none-eabi/lib/thumb/v7-m/nofp\libg.a(lib_a-impure.o)
                              c:/clion/gcc-arm-none-eabi-10.3-2021.10/bin/../lib/gcc/arm-none-eabi/10.3.1/../../../../arm-none-eabi/lib/thumb/v7-m/nofp\libg.a(lib_a-exit.o) (_global_impure_ptr)
c:/clion/gcc-arm-none-eabi-10.3-2021.10/bin/../lib/gcc/arm-none-eabi/10.3.1/../../../../arm-none-eabi/lib/thumb/v7-m/nofp\libg.a(lib_a-init.o)
                              c:/clion/gcc-arm-none-eabi-10.3-2021.10/bin/../lib/gcc/arm-none-eabi/10.3.1/../../../../arm-none-eabi/lib/thumb/v7-m/nofp/crt0.o (__libc_init_array)
c:/clion/gcc-arm-none-eabi-10.3-2021.10/bin/../lib/gcc/arm-none-eabi/10.3.1/../../../../arm-none-eabi/lib/thumb/v7-m/nofp\libg.a(lib_a-memset.o)
                              c:/clion/gcc-arm-none-eabi-10.3-2021.10/bin/../lib/gcc/arm-none-eabi/10.3.1/../../../../arm-none-eabi/lib/thumb/v7-m/nofp/crt0.o (memset)
c:/clion/gcc-arm-none-eabi-10.3-2021.10/bin/../lib/gcc/arm-none-eabi/10.3.1/../../../../arm-none-eabi/lib/thumb/v7-m/nofp\libg.a(lib_a-setvbuf.o)
                              CMakeFiles/clion_f1_project.elf.dir/Core/Src/retarget.c.obj (setvbuf)
c:/clion/gcc-arm-none-eabi-10.3-2021.10/bin/../lib/gcc/arm-none-eabi/10.3.1/../../../../arm-none-eabi/lib/thumb/v7-m/nofp\libg.a(lib_a-__call_atexit.o)
                              c:/clion/gcc-arm-none-eabi-10.3-2021.10/bin/../lib/gcc/arm-none-eabi/10.3.1/../../../../arm-none-eabi/lib/thumb/v7-m/nofp\libg.a(lib_a-exit.o) (__call_exitprocs)
c:/clion/gcc-arm-none-eabi-10.3-2021.10/bin/../lib/gcc/arm-none-eabi/10.3.1/../../../../arm-none-eabi/lib/thumb/v7-m/nofp\libg.a(lib_a-atexit.o)
                              c:/clion/gcc-arm-none-eabi-10.3-2021.10/bin/../lib/gcc/arm-none-eabi/10.3.1/../../../../arm-none-eabi/lib/thumb/v7-m/nofp\libg.a(lib_a-__call_atexit.o) (atexit)
c:/clion/gcc-arm-none-eabi-10.3-2021.10/bin/../lib/gcc/arm-none-eabi/10.3.1/../../../../arm-none-eabi/lib/thumb/v7-m/nofp\libg.a(lib_a-fflush.o)
                              c:/clion/gcc-arm-none-eabi-10.3-2021.10/bin/../lib/gcc/arm-none-eabi/10.3.1/../../../../arm-none-eabi/lib/thumb/v7-m/nofp\libg.a(lib_a-setvbuf.o) (_fflush_r)
c:/clion/gcc-arm-none-eabi-10.3-2021.10/bin/../lib/gcc/arm-none-eabi/10.3.1/../../../../arm-none-eabi/lib/thumb/v7-m/nofp\libg.a(lib_a-findfp.o)
                              c:/clion/gcc-arm-none-eabi-10.3-2021.10/bin/../lib/gcc/arm-none-eabi/10.3.1/../../../../arm-none-eabi/lib/thumb/v7-m/nofp\libg.a(lib_a-setvbuf.o) (__sinit)
c:/clion/gcc-arm-none-eabi-10.3-2021.10/bin/../lib/gcc/arm-none-eabi/10.3.1/../../../../arm-none-eabi/lib/thumb/v7-m/nofp\libg.a(lib_a-fini.o)
                              c:/clion/gcc-arm-none-eabi-10.3-2021.10/bin/../lib/gcc/arm-none-eabi/10.3.1/../../../../arm-none-eabi/lib/thumb/v7-m/nofp\libg.a(lib_a-__call_atexit.o) (__libc_fini_array)
c:/clion/gcc-arm-none-eabi-10.3-2021.10/bin/../lib/gcc/arm-none-eabi/10.3.1/../../../../arm-none-eabi/lib/thumb/v7-m/nofp\libg.a(lib_a-freer.o)
                              c:/clion/gcc-arm-none-eabi-10.3-2021.10/bin/../lib/gcc/arm-none-eabi/10.3.1/../../../../arm-none-eabi/lib/thumb/v7-m/nofp\libg.a(lib_a-setvbuf.o) (_free_r)
c:/clion/gcc-arm-none-eabi-10.3-2021.10/bin/../lib/gcc/arm-none-eabi/10.3.1/../../../../arm-none-eabi/lib/thumb/v7-m/nofp\libg.a(lib_a-fwalk.o)
                              c:/clion/gcc-arm-none-eabi-10.3-2021.10/bin/../lib/gcc/arm-none-eabi/10.3.1/../../../../arm-none-eabi/lib/thumb/v7-m/nofp\libg.a(lib_a-findfp.o) (_fwalk)
c:/clion/gcc-arm-none-eabi-10.3-2021.10/bin/../lib/gcc/arm-none-eabi/10.3.1/../../../../arm-none-eabi/lib/thumb/v7-m/nofp\libg.a(lib_a-lock.o)
                              c:/clion/gcc-arm-none-eabi-10.3-2021.10/bin/../lib/gcc/arm-none-eabi/10.3.1/../../../../arm-none-eabi/lib/thumb/v7-m/nofp\libg.a(lib_a-findfp.o) (__retarget_lock_init_recursive)
c:/clion/gcc-arm-none-eabi-10.3-2021.10/bin/../lib/gcc/arm-none-eabi/10.3.1/../../../../arm-none-eabi/lib/thumb/v7-m/nofp\libg.a(lib_a-makebuf.o)
                              c:/clion/gcc-arm-none-eabi-10.3-2021.10/bin/../lib/gcc/arm-none-eabi/10.3.1/../../../../arm-none-eabi/lib/thumb/v7-m/nofp\libg.a(lib_a-setvbuf.o) (__swhatbuf_r)
[...]
Memory Configuration

Name             Origin             Length             Attributes
RAM              0x20000000         0x00002800         xrw
FLASH            0x08000000         0x00008000         xr
*default*        0x00000000         0xffffffff

Linker script and memory map

LOAD c:/clion/gcc-arm-none-eabi-10.3-2021.10/bin/../lib/gcc/arm-none-eabi/10.3.1/thumb/v7-m/nofp/crti.o
LOAD c:/clion/gcc-arm-none-eabi-10.3-2021.10/bin/../lib/gcc/arm-none-eabi/10.3.1/thumb/v7-m/nofp/crtbegin.o
LOAD c:/clion/gcc-arm-none-eabi-10.3-2021.10/bin/../lib/gcc/arm-none-eabi/10.3.1/../../../../arm-none-eabi/lib/thumb/v7-m/nofp/crt0.o
LOAD CMakeFiles/clion_f1_project.elf.dir/Core/Src/adc.c.obj
LOAD CMakeFiles/clion_f1_project.elf.dir/Core/Src/dma.c.obj
LOAD CMakeFiles/clion_f1_project.elf.dir/Core/Src/gpio.c.obj
LOAD CMakeFiles/clion_f1_project.elf.dir/Core/Src/main.c.obj
LOAD CMakeFiles/clion_f1_project.elf.dir/Core/Src/retarget.c.obj
LOAD CMakeFiles/clion_f1_project.elf.dir/Core/Src/stm32f1xx_hal_msp.c.obj
LOAD CMakeFiles/clion_f1_project.elf.dir/Core/Src/stm32f1xx_it.c.obj
LOAD CMakeFiles/clion_f1_project.elf.dir/Core/Src/syscalls.c.obj
LOAD CMakeFiles/clion_f1_project.elf.dir/Core/Src/sysmem.c.obj
LOAD CMakeFiles/clion_f1_project.elf.dir/Core/Src/system_stm32f1xx.c.obj
LOAD CMakeFiles/clion_f1_project.elf.dir/Core/Src/tim.c.obj
LOAD CMakeFiles/clion_f1_project.elf.dir/Core/Src/usart.c.obj
LOAD CMakeFiles/clion_f1_project.elf.dir/Core/Startup/startup_stm32f103c6tx.s.obj
LOAD CMakeFiles/clion_f1_project.elf.dir/Drivers/STM32F1xx_HAL_Driver/Src/stm32f1xx_hal.c.obj
LOAD CMakeFiles/clion_f1_project.elf.dir/Drivers/STM32F1xx_HAL_Driver/Src/stm32f1xx_hal_adc.c.obj
LOAD CMakeFiles/clion_f1_project.elf.dir/Drivers/STM32F1xx_HAL_Driver/Src/stm32f1xx_hal_adc_ex.c.obj
LOAD CMakeFiles/clion_f1_project.elf.dir/Drivers/STM32F1xx_HAL_Driver/Src/stm32f1xx_hal_cortex.c.obj
LOAD CMakeFiles/clion_f1_project.elf.dir/Drivers/STM32F1xx_HAL_Driver/Src/stm32f1xx_hal_dma.c.obj
LOAD CMakeFiles/clion_f1_project.elf.dir/Drivers/STM32F1xx_HAL_Driver/Src/stm32f1xx_hal_exti.c.obj
LOAD CMakeFiles/clion_f1_project.elf.dir/Drivers/STM32F1xx_HAL_Driver/Src/stm32f1xx_hal_flash.c.obj
LOAD CMakeFiles/clion_f1_project.elf.dir/Drivers/STM32F1xx_HAL_Driver/Src/stm32f1xx_hal_flash_ex.c.obj
LOAD CMakeFiles/clion_f1_project.elf.dir/Drivers/STM32F1xx_HAL_Driver/Src/stm32f1xx_hal_gpio.c.obj
LOAD CMakeFiles/clion_f1_project.elf.dir/Drivers/STM32F1xx_HAL_Driver/Src/stm32f1xx_hal_gpio_ex.c.obj
LOAD CMakeFiles/clion_f1_project.elf.dir/Drivers/STM32F1xx_HAL_Driver/Src/stm32f1xx_hal_pwr.c.obj
LOAD CMakeFiles/clion_f1_project.elf.dir/Drivers/STM32F1xx_HAL_Driver/Src/stm32f1xx_hal_rcc.c.obj
LOAD CMakeFiles/clion_f1_project.elf.dir/Drivers/STM32F1xx_HAL_Driver/Src/stm32f1xx_hal_rcc_ex.c.obj
LOAD CMakeFiles/clion_f1_project.elf.dir/Drivers/STM32F1xx_HAL_Driver/Src/stm32f1xx_hal_tim.c.obj
LOAD CMakeFiles/clion_f1_project.elf.dir/Drivers/STM32F1xx_HAL_Driver/Src/stm32f1xx_hal_tim_ex.c.obj
LOAD CMakeFiles/clion_f1_project.elf.dir/Drivers/STM32F1xx_HAL_Driver/Src/stm32f1xx_hal_uart.c.obj
START GROUP
LOAD c:/clion/gcc-arm-none-eabi-10.3-2021.10/bin/../lib/gcc/arm-none-eabi/10.3.1/thumb/v7-m/nofp\libgcc.a
LOAD c:/clion/gcc-arm-none-eabi-10.3-2021.10/bin/../lib/gcc/arm-none-eabi/10.3.1/../../../../arm-none-eabi/lib/thumb/v7-m/nofp\libg.a
LOAD c:/clion/gcc-arm-none-eabi-10.3-2021.10/bin/../lib/gcc/arm-none-eabi/10.3.1/../../../../arm-none-eabi/lib/thumb/v7-m/nofp\libc.a
END GROUP
LOAD c:/clion/gcc-arm-none-eabi-10.3-2021.10/bin/../lib/gcc/arm-none-eabi/10.3.1/thumb/v7-m/nofp/crtend.o
LOAD c:/clion/gcc-arm-none-eabi-10.3-2021.10/bin/../lib/gcc/arm-none-eabi/10.3.1/thumb/v7-m/nofp/crtn.o
                0x20002800                _estack = (ORIGIN (RAM) + LENGTH (RAM))
                0x00000500                _Min_Heap_Size = 0x500
                0x00000800                _Min_Stack_Size = 0x800

.isr_vector     0x08000000      0x10c
                0x08000000                . = ALIGN (0x4)
 *(.isr_vector)
 .isr_vector    0x08000000      0x10c CMakeFiles/clion_f1_project.elf.dir/Core/Startup/startup_stm32f103c6tx.s.obj
                0x08000000                g_pfnVectors
                0x0800010c                . = ALIGN (0x4)

.text           0x0800010c     0x329c
                0x0800010c                . = ALIGN (0x4)
 *(.text)
 .text          0x0800010c       0x40 c:/clion/gcc-arm-none-eabi-10.3-2021.10/bin/../lib/gcc/arm-none-eabi/10.3.1/thumb/v7-m/nofp/crtbegin.o
 *(.text*)
 .text.MX_ADC1_Init
                0x0800014c       0x5c CMakeFiles/clion_f1_project.elf.dir/Core/Src/adc.c.obj
                0x0800014c                MX_ADC1_Init
 .text.MX_ADC2_Init
                0x080001a8       0x5c CMakeFiles/clion_f1_project.elf.dir/Core/Src/adc.c.obj
                0x080001a8                MX_ADC2_Init
 .text.HAL_ADC_MspInit
                0x08000204      0x100 CMakeFiles/clion_f1_project.elf.dir/Core/Src/adc.c.obj
                0x08000204                HAL_ADC_MspInit
 .text.MX_DMA_Init
                0x08000304       0x34 CMakeFiles/clion_f1_project.elf.dir/Core/Src/dma.c.obj
                0x08000304                MX_DMA_Init
 .text.MX_GPIO_Init
                0x08000338      0x148 CMakeFiles/clion_f1_project.elf.dir/Core/Src/gpio.c.obj
                0x08000338                MX_GPIO_Init
 .text.HAL_GPIO_EXTI_Callback
                0x08000480       0x4c CMakeFiles/clion_f1_project.elf.dir/Core/Src/main.c.obj
                0x08000480                HAL_GPIO_EXTI_Callback
 .text.HAL_ADC_ConvCpltCallback
                0x080004cc       0x80 CMakeFiles/clion_f1_project.elf.dir/Core/Src/main.c.obj
                0x080004cc                HAL_ADC_ConvCpltCallback
 .text.Nokia_Wbyte
                0x0800054c       0x78 CMakeFiles/clion_f1_project.elf.dir/Core/Src/main.c.obj
                0x0800054c                Nokia_Wbyte
 .text.Nokia_Init
                0x080005c4       0xa0 CMakeFiles/clion_f1_project.elf.dir/Core/Src/main.c.obj
                0x080005c4                Nokia_Init
 .text.Nokia_SetXY
                0x08000664       0x36 CMakeFiles/clion_f1_project.elf.dir/Core/Src/main.c.obj
                0x08000664                Nokia_SetXY
 .text.Nokia_Clear
                0x0800069a       0x32 CMakeFiles/clion_f1_project.elf.dir/Core/Src/main.c.obj
                0x0800069a                Nokia_Clear
 .text.Nokia_DisplayString
                0x080006cc       0x74 CMakeFiles/clion_f1_project.elf.dir/Core/Src/main.c.obj
                0x080006cc                Nokia_DisplayString
 .text.Nokia_DisplayFullFrame
                0x08000740       0x22 CMakeFiles/clion_f1_project.elf.dir/Core/Src/main.c.obj
                0x08000740                Nokia_DisplayFullFrame
 *fill*         0x08000762        0x2 
 .text.HAL_UART_RxCpltCallback
                0x08000764       0xe8 CMakeFiles/clion_f1_project.elf.dir/Core/Src/main.c.obj
                0x08000764                HAL_UART_RxCpltCallback
 .text.Nokia_DisplayADC
                0x0800084c       0xac CMakeFiles/clion_f1_project.elf.dir/Core/Src/main.c.obj
                0x0800084c                Nokia_DisplayADC
 .text.HAL_TIM_PeriodElapsedCallback
                0x080008f8       0x3c CMakeFiles/clion_f1_project.elf.dir/Core/Src/main.c.obj
                0x080008f8                HAL_TIM_PeriodElapsedCallback
 .text.HW_504_Init
                0x08000934       0x20 CMakeFiles/clion_f1_project.elf.dir/Core/Src/main.c.obj
                0x08000934                HW_504_Init
 .text.Error_Handler
                0x08000954        0x4 CMakeFiles/clion_f1_project.elf.dir/Core/Src/main.c.obj
                0x08000954                Error_Handler
 .text.SystemClock_Config
                0x08000958       0x84 CMakeFiles/clion_f1_project.elf.dir/Core/Src/main.c.obj
                0x08000958                SystemClock_Config
 .text.main     0x080009dc      0x218 CMakeFiles/clion_f1_project.elf.dir/Core/Src/main.c.obj
                0x080009dc                main
 .text.HAL_MspInit
                0x08000bf4       0x44 CMakeFiles/clion_f1_project.elf.dir/Core/Src/stm32f1xx_hal_msp.c.obj
                0x08000bf4                HAL_MspInit
 .text.NMI_Handler
                0x08000c38        0x2 CMakeFiles/clion_f1_project.elf.dir/Core/Src/stm32f1xx_it.c.obj
                0x08000c38                NMI_Handler
 .text.HardFault_Handler
                0x08000c3a        0x2 CMakeFiles/clion_f1_project.elf.dir/Core/Src/stm32f1xx_it.c.obj
                0x08000c3a                HardFault_Handler
 .text.MemManage_Handler
                0x08000c3c        0x2 CMakeFiles/clion_f1_project.elf.dir/Core/Src/stm32f1xx_it.c.obj
                0x08000c3c                MemManage_Handler
 .text.BusFault_Handler
                0x08000c3e        0x2 CMakeFiles/clion_f1_project.elf.dir/Core/Src/stm32f1xx_it.c.obj
                0x08000c3e                BusFault_Handler
 .text.UsageFault_Handler
                0x08000c40        0x2 CMakeFiles/clion_f1_project.elf.dir/Core/Src/stm32f1xx_it.c.obj
                0x08000c40                UsageFault_Handler
 .text.SVC_Handler
                0x08000c42        0x2 CMakeFiles/clion_f1_project.elf.dir/Core/Src/stm32f1xx_it.c.obj
                0x08000c42                SVC_Handler
 .text.DebugMon_Handler
                0x08000c44        0x2 CMakeFiles/clion_f1_project.elf.dir/Core/Src/stm32f1xx_it.c.obj
                0x08000c44                DebugMon_Handler
 .text.PendSV_Handler
                0x08000c46        0x2 CMakeFiles/clion_f1_project.elf.dir/Core/Src/stm32f1xx_it.c.obj
                0x08000c46                PendSV_Handler
 .text.SysTick_Handler
                0x08000c48        0x8 CMakeFiles/clion_f1_project.elf.dir/Core/Src/stm32f1xx_it.c.obj
                0x08000c48                SysTick_Handler
 .text.EXTI0_IRQHandler
                0x08000c50        0xa CMakeFiles/clion_f1_project.elf.dir/Core/Src/stm32f1xx_it.c.obj
                0x08000c50                EXTI0_IRQHandler
 *fill*         0x08000c5a        0x2 
 .text.DMA1_Channel1_IRQHandler
                0x08000c5c       0x10 CMakeFiles/clion_f1_project.elf.dir/Core/Src/stm32f1xx_it.c.obj
                0x08000c5c                DMA1_Channel1_IRQHandler
 .text.ADC1_2_IRQHandler
                0x08000c6c       0x18 CMakeFiles/clion_f1_project.elf.dir/Core/Src/stm32f1xx_it.c.obj
                0x08000c6c                ADC1_2_IRQHandler
 .text.TIM3_IRQHandler
                0x08000c84       0x10 CMakeFiles/clion_f1_project.elf.dir/Core/Src/stm32f1xx_it.c.obj
                0x08000c84                TIM3_IRQHandler
 .text.USART1_IRQHandler
                0x08000c94       0x10 CMakeFiles/clion_f1_project.elf.dir/Core/Src/stm32f1xx_it.c.obj
                0x08000c94                USART1_IRQHandler
 .text.SystemInit
                0x08000ca4        0x2 CMakeFiles/clion_f1_project.elf.dir/Core/Src/system_stm32f1xx.c.obj
                0x08000ca4                SystemInit
 *fill*         0x08000ca6        0x2 
 .text.MX_TIM3_Init
                0x08000ca8       0x70 CMakeFiles/clion_f1_project.elf.dir/Core/Src/tim.c.obj
                0x08000ca8                MX_TIM3_Init
 .text.HAL_TIM_Base_MspInit
                0x08000d18       0x40 CMakeFiles/clion_f1_project.elf.dir/Core/Src/tim.c.obj
                0x08000d18                HAL_TIM_Base_MspInit
 .text.MX_USART1_UART_Init
                0x08000d58       0x34 CMakeFiles/clion_f1_project.elf.dir/Core/Src/usart.c.obj
                0x08000d58                MX_USART1_UART_Init
 .text.MX_USART2_UART_Init
                0x08000d8c       0x34 CMakeFiles/clion_f1_project.elf.dir/Core/Src/usart.c.obj
                0x08000d8c                MX_USART2_UART_Init
 .text.HAL_UART_MspInit
                0x08000dc0       0xf8 CMakeFiles/clion_f1_project.elf.dir/Core/Src/usart.c.obj
                0x08000dc0                HAL_UART_MspInit
 .text.Reset_Handler
                0x08000eb8       0x48 CMakeFiles/clion_f1_project.elf.dir/Core/Startup/startup_stm32f103c6tx.s.obj
                0x08000eb8                Reset_Handler
 .text.Default_Handler
                0x08000f00        0x2 CMakeFiles/clion_f1_project.elf.dir/Core/Startup/startup_stm32f103c6tx.s.obj
                0x08000f00                RTC_Alarm_IRQHandler
                0x08000f00                EXTI2_IRQHandler
                0x08000f00                TIM1_CC_IRQHandler
                0x08000f00                PVD_IRQHandler
                0x08000f00                EXTI3_IRQHandler
                0x08000f00                SPI1_IRQHandler
                0x08000f00                TAMPER_IRQHandler
                0x08000f00                DMA1_Channel4_IRQHandler
                0x08000f00                RTC_IRQHandler
                0x08000f00                DMA1_Channel7_IRQHandler
                0x08000f00                CAN1_RX1_IRQHandler
                0x08000f00                I2C1_EV_IRQHandler
                0x08000f00                DMA1_Channel6_IRQHandler
                0x08000f00                RCC_IRQHandler
                0x08000f00                TIM1_TRG_COM_IRQHandler
                0x08000f00                Default_Handler
                0x08000f00                EXTI15_10_IRQHandler
                0x08000f00                EXTI9_5_IRQHandler
                0x08000f00                DMA1_Channel5_IRQHandler
                0x08000f00                EXTI4_IRQHandler
                0x08000f00                USB_LP_CAN1_RX0_IRQHandler
                0x08000f00                USB_HP_CAN1_TX_IRQHandler
                0x08000f00                DMA1_Channel3_IRQHandler
                0x08000f00                TIM1_UP_IRQHandler
                0x08000f00                WWDG_IRQHandler
                0x08000f00                TIM2_IRQHandler
                0x08000f00                TIM1_BRK_IRQHandler
                0x08000f00                EXTI1_IRQHandler
                0x08000f00                USART2_IRQHandler
                0x08000f00                DMA1_Channel2_IRQHandler
                0x08000f00                CAN1_SCE_IRQHandler
                0x08000f00                FLASH_IRQHandler
                0x08000f00                I2C1_ER_IRQHandler
                0x08000f00                USBWakeUp_IRQHandler
 *fill*         0x08000f02        0x2 
 .text.HAL_InitTick
                0x08000f04       0x4c CMakeFiles/clion_f1_project.elf.dir/Drivers/STM32F1xx_HAL_Driver/Src/stm32f1xx_hal.c.obj
                0x08000f04                HAL_InitTick
 .text.HAL_Init
                0x08000f50       0x24 CMakeFiles/clion_f1_project.elf.dir/Drivers/STM32F1xx_HAL_Driver/Src/stm32f1xx_hal.c.obj
                0x08000f50                HAL_Init
 .text.HAL_IncTick
                0x08000f74       0x18 CMakeFiles/clion_f1_project.elf.dir/Drivers/STM32F1xx_HAL_Driver/Src/stm32f1xx_hal.c.obj
                0x08000f74                HAL_IncTick
 .text.HAL_GetTick
                0x08000f8c        0xc CMakeFiles/clion_f1_project.elf.dir/Drivers/STM32F1xx_HAL_Driver/Src/stm32f1xx_hal.c.obj
                0x08000f8c                HAL_GetTick
 .text.HAL_Delay
                0x08000f98       0x28 CMakeFiles/clion_f1_project.elf.dir/Drivers/STM32F1xx_HAL_Driver/Src/stm32f1xx_hal.c.obj
                0x08000f98                HAL_Delay
 .text.HAL_ADC_PollForConversion
                0x08000fc0      0x184 CMakeFiles/clion_f1_project.elf.dir/Drivers/STM32F1xx_HAL_Driver/Src/stm32f1xx_hal_adc.c.obj
                0x08000fc0                HAL_ADC_PollForConversion
 .text.HAL_ADC_GetValue
                0x08001144        0x6 CMakeFiles/clion_f1_project.elf.dir/Drivers/STM32F1xx_HAL_Driver/Src/stm32f1xx_hal_adc.c.obj
                0x08001144                HAL_ADC_GetValue
 .text.HAL_ADC_LevelOutOfWindowCallback
                0x0800114a        0x2 CMakeFiles/clion_f1_project.elf.dir/Drivers/STM32F1xx_HAL_Driver/Src/stm32f1xx_hal_adc.c.obj
                0x0800114a                HAL_ADC_LevelOutOfWindowCallback
 .text.HAL_ADC_IRQHandler
                0x0800114c      0x10c CMakeFiles/clion_f1_project.elf.dir/Drivers/STM32F1xx_HAL_Driver/Src/stm32f1xx_hal_adc.c.obj
                0x0800114c                HAL_ADC_IRQHandler
 .text.HAL_ADC_ConfigChannel
                0x08001258      0x144 CMakeFiles/clion_f1_project.elf.dir/Drivers/STM32F1xx_HAL_Driver/Src/stm32f1xx_hal_adc.c.obj
                0x08001258                HAL_ADC_ConfigChannel
 .text.HAL_ADC_GetState
                0x0800139c        0x4 CMakeFiles/clion_f1_project.elf.dir/Drivers/STM32F1xx_HAL_Driver/Src/stm32f1xx_hal_adc.c.obj
                0x0800139c                HAL_ADC_GetState
 .text.ADC_Enable
                0x080013a0       0x88 CMakeFiles/clion_f1_project.elf.dir/Drivers/STM32F1xx_HAL_Driver/Src/stm32f1xx_hal_adc.c.obj
                0x080013a0                ADC_Enable
 .text.HAL_ADC_Start
                0x08001428       0xe8 CMakeFiles/clion_f1_project.elf.dir/Drivers/STM32F1xx_HAL_Driver/Src/stm32f1xx_hal_adc.c.obj
                0x08001428                HAL_ADC_Start
 .text.HAL_ADC_Start_IT
                0x08001510       0xf0 CMakeFiles/clion_f1_project.elf.dir/Drivers/STM32F1xx_HAL_Driver/Src/stm32f1xx_hal_adc.c.obj
                0x08001510                HAL_ADC_Start_IT
 .text.ADC_ConversionStop_Disable
                0x08001600       0x56 CMakeFiles/clion_f1_project.elf.dir/Drivers/STM32F1xx_HAL_Driver/Src/stm32f1xx_hal_adc.c.obj
                0x08001600                ADC_ConversionStop_Disable
 *fill*         0x08001656        0x2 
 .text.HAL_ADC_Init
                0x08001658      0x108 CMakeFiles/clion_f1_project.elf.dir/Drivers/STM32F1xx_HAL_Driver/Src/stm32f1xx_hal_adc.c.obj
                0x08001658                HAL_ADC_Init
 .text.HAL_ADC_Stop_IT
                0x08001760       0x3e CMakeFiles/clion_f1_project.elf.dir/Drivers/STM32F1xx_HAL_Driver/Src/stm32f1xx_hal_adc.c.obj
                0x08001760                HAL_ADC_Stop_IT
 *fill*         0x0800179e        0x2 
 .text.HAL_ADCEx_Calibration_Start
                0x080017a0      0x100 CMakeFiles/clion_f1_project.elf.dir/Drivers/STM32F1xx_HAL_Driver/Src/stm32f1xx_hal_adc_ex.c.obj
                0x080017a0                HAL_ADCEx_Calibration_Start
 .text.HAL_ADCEx_InjectedConvCpltCallback
                0x080018a0        0x2 CMakeFiles/clion_f1_project.elf.dir/Drivers/STM32F1xx_HAL_Driver/Src/stm32f1xx_hal_adc_ex.c.obj
                0x080018a0                HAL_ADCEx_InjectedConvCpltCallback
 *fill*         0x080018a2        0x2 
 .text.HAL_NVIC_SetPriorityGrouping
                0x080018a4       0x24 CMakeFiles/clion_f1_project.elf.dir/Drivers/STM32F1xx_HAL_Driver/Src/stm32f1xx_hal_cortex.c.obj
                0x080018a4                HAL_NVIC_SetPriorityGrouping
 .text.HAL_NVIC_SetPriority
                0x080018c8       0x70 CMakeFiles/clion_f1_project.elf.dir/Drivers/STM32F1xx_HAL_Driver/Src/stm32f1xx_hal_cortex.c.obj
                0x080018c8                HAL_NVIC_SetPriority
 .text.HAL_NVIC_EnableIRQ
                0x08001938       0x1c CMakeFiles/clion_f1_project.elf.dir/Drivers/STM32F1xx_HAL_Driver/Src/stm32f1xx_hal_cortex.c.obj
                0x08001938                HAL_NVIC_EnableIRQ
 .text.HAL_SYSTICK_Config
                0x08001954       0x28 CMakeFiles/clion_f1_project.elf.dir/Drivers/STM32F1xx_HAL_Driver/Src/stm32f1xx_hal_cortex.c.obj
                0x08001954                HAL_SYSTICK_Config
 .text.HAL_DMA_Init
                0x0800197c       0x6c CMakeFiles/clion_f1_project.elf.dir/Drivers/STM32F1xx_HAL_Driver/Src/stm32f1xx_hal_dma.c.obj
                0x0800197c                HAL_DMA_Init
 .text.HAL_DMA_Abort
                0x080019e8       0x44 CMakeFiles/clion_f1_project.elf.dir/Drivers/STM32F1xx_HAL_Driver/Src/stm32f1xx_hal_dma.c.obj
                0x080019e8                HAL_DMA_Abort
 .text.HAL_DMA_Abort_IT
                0x08001a2c       0x98 CMakeFiles/clion_f1_project.elf.dir/Drivers/STM32F1xx_HAL_Driver/Src/stm32f1xx_hal_dma.c.obj
                0x08001a2c                HAL_DMA_Abort_IT
 .text.HAL_DMA_IRQHandler
                0x08001ac4      0x144 CMakeFiles/clion_f1_project.elf.dir/Drivers/STM32F1xx_HAL_Driver/Src/stm32f1xx_hal_dma.c.obj
                0x08001ac4                HAL_DMA_IRQHandler
 .text.HAL_GPIO_Init
                0x08001c08      0x220 CMakeFiles/clion_f1_project.elf.dir/Drivers/STM32F1xx_HAL_Driver/Src/stm32f1xx_hal_gpio.c.obj
                0x08001c08                HAL_GPIO_Init
 .text.HAL_GPIO_ReadPin
                0x08001e28        0xe CMakeFiles/clion_f1_project.elf.dir/Drivers/STM32F1xx_HAL_Driver/Src/stm32f1xx_hal_gpio.c.obj
                0x08001e28                HAL_GPIO_ReadPin
 .text.HAL_GPIO_WritePin
                0x08001e36        0xc CMakeFiles/clion_f1_project.elf.dir/Drivers/STM32F1xx_HAL_Driver/Src/stm32f1xx_hal_gpio.c.obj
                0x08001e36                HAL_GPIO_WritePin
 .text.HAL_GPIO_TogglePin
                0x08001e42       0x12 CMakeFiles/clion_f1_project.elf.dir/Drivers/STM32F1xx_HAL_Driver/Src/stm32f1xx_hal_gpio.c.obj
                0x08001e42                HAL_GPIO_TogglePin
 .text.HAL_GPIO_EXTI_IRQHandler
                0x08001e54       0x1c CMakeFiles/clion_f1_project.elf.dir/Drivers/STM32F1xx_HAL_Driver/Src/stm32f1xx_hal_gpio.c.obj
                0x08001e54                HAL_GPIO_EXTI_IRQHandler
 .text.RCC_Delay
                0x08001e70       0x2c CMakeFiles/clion_f1_project.elf.dir/Drivers/STM32F1xx_HAL_Driver/Src/stm32f1xx_hal_rcc.c.obj
 .text.HAL_RCC_OscConfig
                0x08001e9c      0x410 CMakeFiles/clion_f1_project.elf.dir/Drivers/STM32F1xx_HAL_Driver/Src/stm32f1xx_hal_rcc.c.obj
                0x08001e9c                HAL_RCC_OscConfig
 .text.HAL_RCC_GetSysClockFreq
                0x080022ac       0x70 CMakeFiles/clion_f1_project.elf.dir/Drivers/STM32F1xx_HAL_Driver/Src/stm32f1xx_hal_rcc.c.obj
                0x080022ac                HAL_RCC_GetSysClockFreq
 .text.HAL_RCC_ClockConfig
                0x0800231c      0x16c CMakeFiles/clion_f1_project.elf.dir/Drivers/STM32F1xx_HAL_Driver/Src/stm32f1xx_hal_rcc.c.obj
                0x0800231c                HAL_RCC_ClockConfig
 .text.HAL_RCC_GetHCLKFreq
                0x08002488        0xc CMakeFiles/clion_f1_project.elf.dir/Drivers/STM32F1xx_HAL_Driver/Src/stm32f1xx_hal_rcc.c.obj
                0x08002488                HAL_RCC_GetHCLKFreq
 .text.HAL_RCC_GetPCLK1Freq
                0x08002494       0x20 CMakeFiles/clion_f1_project.elf.dir/Drivers/STM32F1xx_HAL_Driver/Src/stm32f1xx_hal_rcc.c.obj
                0x08002494                HAL_RCC_GetPCLK1Freq
 .text.HAL_RCC_GetPCLK2Freq
                0x080024b4       0x20 CMakeFiles/clion_f1_project.elf.dir/Drivers/STM32F1xx_HAL_Driver/Src/stm32f1xx_hal_rcc.c.obj
                0x080024b4                HAL_RCC_GetPCLK2Freq
 .text.HAL_RCCEx_PeriphCLKConfig
                0x080024d4      0x118 CMakeFiles/clion_f1_project.elf.dir/Drivers/STM32F1xx_HAL_Driver/Src/stm32f1xx_hal_rcc_ex.c.obj
                0x080024d4                HAL_RCCEx_PeriphCLKConfig
 .text.HAL_RCCEx_GetPeriphCLKFreq
                0x080025ec      0x100 CMakeFiles/clion_f1_project.elf.dir/Drivers/STM32F1xx_HAL_Driver/Src/stm32f1xx_hal_rcc_ex.c.obj
                0x080025ec                HAL_RCCEx_GetPeriphCLKFreq
 .text.TIM_TI1_ConfigInputStage
                0x080026ec       0x24 CMakeFiles/clion_f1_project.elf.dir/Drivers/STM32F1xx_HAL_Driver/Src/stm32f1xx_hal_tim.c.obj
 .text.TIM_TI2_ConfigInputStage
                0x08002710       0x26 CMakeFiles/clion_f1_project.elf.dir/Drivers/STM32F1xx_HAL_Driver/Src/stm32f1xx_hal_tim.c.obj
 .text.TIM_ITRx_SetConfig
                0x08002736       0x10 CMakeFiles/clion_f1_project.elf.dir/Drivers/STM32F1xx_HAL_Driver/Src/stm32f1xx_hal_tim.c.obj
 *fill*         0x08002746        0x2 
 .text.HAL_TIM_Base_Start_IT
                0x08002748       0x60 CMakeFiles/clion_f1_project.elf.dir/Drivers/STM32F1xx_HAL_Driver/Src/stm32f1xx_hal_tim.c.obj
                0x08002748                HAL_TIM_Base_Start_IT
 .text.HAL_TIM_Base_Stop_IT
                0x080027a8       0x32 CMakeFiles/clion_f1_project.elf.dir/Drivers/STM32F1xx_HAL_Driver/Src/stm32f1xx_hal_tim.c.obj
                0x080027a8                HAL_TIM_Base_Stop_IT
 .text.HAL_TIM_OC_DelayElapsedCallback
                0x080027da        0x2 CMakeFiles/clion_f1_project.elf.dir/Drivers/STM32F1xx_HAL_Driver/Src/stm32f1xx_hal_tim.c.obj
                0x080027da                HAL_TIM_OC_DelayElapsedCallback
 .text.HAL_TIM_IC_CaptureCallback
                0x080027dc        0x2 CMakeFiles/clion_f1_project.elf.dir/Drivers/STM32F1xx_HAL_Driver/Src/stm32f1xx_hal_tim.c.obj
                0x080027dc                HAL_TIM_IC_CaptureCallback
 .text.HAL_TIM_PWM_PulseFinishedCallback
                0x080027de        0x2 CMakeFiles/clion_f1_project.elf.dir/Drivers/STM32F1xx_HAL_Driver/Src/stm32f1xx_hal_tim.c.obj
                0x080027de                HAL_TIM_PWM_PulseFinishedCallback
 .text.HAL_TIM_TriggerCallback
                0x080027e0        0x2 CMakeFiles/clion_f1_project.elf.dir/Drivers/STM32F1xx_HAL_Driver/Src/stm32f1xx_hal_tim.c.obj
                0x080027e0                HAL_TIM_TriggerCallback
 .text.HAL_TIM_IRQHandler
                0x080027e2      0x17a CMakeFiles/clion_f1_project.elf.dir/Drivers/STM32F1xx_HAL_Driver/Src/stm32f1xx_hal_tim.c.obj
                0x080027e2                HAL_TIM_IRQHandler
 .text.TIM_Base_SetConfig
                0x0800295c       0x64 CMakeFiles/clion_f1_project.elf.dir/Drivers/STM32F1xx_HAL_Driver/Src/stm32f1xx_hal_tim.c.obj
                0x0800295c                TIM_Base_SetConfig
 .text.HAL_TIM_Base_Init
                0x080029c0       0x58 CMakeFiles/clion_f1_project.elf.dir/Drivers/STM32F1xx_HAL_Driver/Src/stm32f1xx_hal_tim.c.obj
                0x080029c0                HAL_TIM_Base_Init
 .text.TIM_ETR_SetConfig
                0x08002a18       0x18 CMakeFiles/clion_f1_project.elf.dir/Drivers/STM32F1xx_HAL_Driver/Src/stm32f1xx_hal_tim.c.obj
                0x08002a18                TIM_ETR_SetConfig
 .text.HAL_TIM_ConfigClockSource
                0x08002a30       0xda CMakeFiles/clion_f1_project.elf.dir/Drivers/STM32F1xx_HAL_Driver/Src/stm32f1xx_hal_tim.c.obj
                0x08002a30                HAL_TIM_ConfigClockSource
 *fill*         0x08002b0a        0x2 
 .text.HAL_TIMEx_MasterConfigSynchronization
                0x08002b0c       0x64 CMakeFiles/clion_f1_project.elf.dir/Drivers/STM32F1xx_HAL_Driver/Src/stm32f1xx_hal_tim_ex.c.obj
                0x08002b0c                HAL_TIMEx_MasterConfigSynchronization
 .text.HAL_TIMEx_CommutCallback
                0x08002b70        0x2 CMakeFiles/clion_f1_project.elf.dir/Drivers/STM32F1xx_HAL_Driver/Src/stm32f1xx_hal_tim_ex.c.obj
                0x08002b70                HAL_TIMEx_CommutCallback
 .text.HAL_TIMEx_BreakCallback
                0x08002b72        0x2 CMakeFiles/clion_f1_project.elf.dir/Drivers/STM32F1xx_HAL_Driver/Src/stm32f1xx_hal_tim_ex.c.obj
                0x08002b72                HAL_TIMEx_BreakCallback
 .text.UART_EndRxTransfer
                0x08002b74       0x32 CMakeFiles/clion_f1_project.elf.dir/Drivers/STM32F1xx_HAL_Driver/Src/stm32f1xx_hal_uart.c.obj
 .text.UART_Transmit_IT
                0x08002ba6       0x60 CMakeFiles/clion_f1_project.elf.dir/Drivers/STM32F1xx_HAL_Driver/Src/stm32f1xx_hal_uart.c.obj
 *fill*         0x08002c06        0x2 
 .text.UART_SetConfig
                0x08002c08       0x94 CMakeFiles/clion_f1_project.elf.dir/Drivers/STM32F1xx_HAL_Driver/Src/stm32f1xx_hal_uart.c.obj
 .text.UART_WaitOnFlagUntilTimeout
                0x08002c9c       0x6c CMakeFiles/clion_f1_project.elf.dir/Drivers/STM32F1xx_HAL_Driver/Src/stm32f1xx_hal_uart.c.obj
 .text.HAL_UART_Init
                0x08002d08       0x5e CMakeFiles/clion_f1_project.elf.dir/Drivers/STM32F1xx_HAL_Driver/Src/stm32f1xx_hal_uart.c.obj
                0x08002d08                HAL_UART_Init
 .text.HAL_UART_Transmit
                0x08002d66       0xd8 CMakeFiles/clion_f1_project.elf.dir/Drivers/STM32F1xx_HAL_Driver/Src/stm32f1xx_hal_uart.c.obj
                0x08002d66                HAL_UART_Transmit
 .text.HAL_UART_TxCpltCallback
                0x08002e3e        0x2 CMakeFiles/clion_f1_project.elf.dir/Drivers/STM32F1xx_HAL_Driver/Src/stm32f1xx_hal_uart.c.obj
                0x08002e3e                HAL_UART_TxCpltCallback
 .text.UART_EndTransmit_IT
                0x08002e40       0x1a CMakeFiles/clion_f1_project.elf.dir/Drivers/STM32F1xx_HAL_Driver/Src/stm32f1xx_hal_uart.c.obj
 .text.HAL_UART_ErrorCallback
                0x08002e5a        0x2 CMakeFiles/clion_f1_project.elf.dir/Drivers/STM32F1xx_HAL_Driver/Src/stm32f1xx_hal_uart.c.obj
                0x08002e5a                HAL_UART_ErrorCallback
 .text.UART_DMAAbortOnError
                0x08002e5c       0x10 CMakeFiles/clion_f1_project.elf.dir/Drivers/STM32F1xx_HAL_Driver/Src/stm32f1xx_hal_uart.c.obj
 .text.HAL_UARTEx_RxEventCallback
                0x08002e6c        0x2 CMakeFiles/clion_f1_project.elf.dir/Drivers/STM32F1xx_HAL_Driver/Src/stm32f1xx_hal_uart.c.obj
                0x08002e6c                HAL_UARTEx_RxEventCallback
 .text.UART_Receive_IT
                0x08002e6e       0xd4 CMakeFiles/clion_f1_project.elf.dir/Drivers/STM32F1xx_HAL_Driver/Src/stm32f1xx_hal_uart.c.obj
 *fill*         0x08002f42        0x2 
 .text.HAL_UART_IRQHandler
                0x08002f44      0x204 CMakeFiles/clion_f1_project.elf.dir/Drivers/STM32F1xx_HAL_Driver/Src/stm32f1xx_hal_uart.c.obj
                0x08002f44                HAL_UART_IRQHandler
 .text.HAL_UART_GetState
                0x08003148        0xc CMakeFiles/clion_f1_project.elf.dir/Drivers/STM32F1xx_HAL_Driver/Src/stm32f1xx_hal_uart.c.obj
                0x08003148                HAL_UART_GetState
 .text.UART_Start_Receive_IT
                0x08003154       0x36 CMakeFiles/clion_f1_project.elf.dir/Drivers/STM32F1xx_HAL_Driver/Src/stm32f1xx_hal_uart.c.obj
                0x08003154                UART_Start_Receive_IT
 .text.HAL_UART_Receive_IT
                0x0800318a       0x38 CMakeFiles/clion_f1_project.elf.dir/Drivers/STM32F1xx_HAL_Driver/Src/stm32f1xx_hal_uart.c.obj
                0x0800318a                HAL_UART_Receive_IT
 *fill*         0x080031c2        0x2 
 .text.__libc_init_array
                0x080031c4       0x48 c:/clion/gcc-arm-none-eabi-10.3-2021.10/bin/../lib/gcc/arm-none-eabi/10.3.1/../../../../arm-none-eabi/lib/thumb/v7-m/nofp\libg.a(lib_a-init.o)
                0x080031c4                __libc_init_array
 .text.memset   0x0800320c       0xa4 c:/clion/gcc-arm-none-eabi-10.3-2021.10/bin/../lib/gcc/arm-none-eabi/10.3.1/../../../../arm-none-eabi/lib/thumb/v7-m/nofp\libg.a(lib_a-memset.o)
                0x0800320c                memset
 .text.startup.register_fini
                0x080032b0       0x14 c:/clion/gcc-arm-none-eabi-10.3-2021.10/bin/../lib/gcc/arm-none-eabi/10.3.1/../../../../arm-none-eabi/lib/thumb/v7-m/nofp\libg.a(lib_a-__call_atexit.o)
 .text.atexit   0x080032c4        0xc c:/clion/gcc-arm-none-eabi-10.3-2021.10/bin/../lib/gcc/arm-none-eabi/10.3.1/../../../../arm-none-eabi/lib/thumb/v7-m/nofp\libg.a(lib_a-atexit.o)
                0x080032c4                atexit
 .text.__libc_fini_array
                0x080032d0       0x2c c:/clion/gcc-arm-none-eabi-10.3-2021.10/bin/../lib/gcc/arm-none-eabi/10.3.1/../../../../arm-none-eabi/lib/thumb/v7-m/nofp\libg.a(lib_a-fini.o)
                0x080032d0                __libc_fini_array
 .text.__retarget_lock_acquire_recursive
                0x080032fc        0x4 c:/clion/gcc-arm-none-eabi-10.3-2021.10/bin/../lib/gcc/arm-none-eabi/10.3.1/../../../../arm-none-eabi/lib/thumb/v7-m/nofp\libg.a(lib_a-lock.o)
                0x080032fc                __retarget_lock_acquire_recursive
 .text.__retarget_lock_release_recursive
                0x08003300        0x4 c:/clion/gcc-arm-none-eabi-10.3-2021.10/bin/../lib/gcc/arm-none-eabi/10.3.1/../../../../arm-none-eabi/lib/thumb/v7-m/nofp\libg.a(lib_a-lock.o)
                0x08003300                __retarget_lock_release_recursive
 .text.__register_exitproc
                0x08003304       0x8c c:/clion/gcc-arm-none-eabi-10.3-2021.10/bin/../lib/gcc/arm-none-eabi/10.3.1/../../../../arm-none-eabi/lib/thumb/v7-m/nofp\libg.a(lib_a-__atexit.o)
                0x08003304                __register_exitproc
 *(.glue_7)
 .glue_7        0x08003390        0x0 linker stubs
 *(.glue_7t)
 .glue_7t       0x08003390        0x0 linker stubs
 *(.eh_frame)
 .eh_frame      0x08003390        0x0 c:/clion/gcc-arm-none-eabi-10.3-2021.10/bin/../lib/gcc/arm-none-eabi/10.3.1/thumb/v7-m/nofp/crtbegin.o
 *(.init)
 .init          0x08003390        0x4 c:/clion/gcc-arm-none-eabi-10.3-2021.10/bin/../lib/gcc/arm-none-eabi/10.3.1/thumb/v7-m/nofp/crti.o
                0x08003390                _init
 .init          0x08003394        0x8 c:/clion/gcc-arm-none-eabi-10.3-2021.10/bin/../lib/gcc/arm-none-eabi/10.3.1/thumb/v7-m/nofp/crtn.o
 *(.fini)
 .fini          0x0800339c        0x4 c:/clion/gcc-arm-none-eabi-10.3-2021.10/bin/../lib/gcc/arm-none-eabi/10.3.1/thumb/v7-m/nofp/crti.o
                0x0800339c                _fini
 .fini          0x080033a0        0x8 c:/clion/gcc-arm-none-eabi-10.3-2021.10/bin/../lib/gcc/arm-none-eabi/10.3.1/thumb/v7-m/nofp/crtn.o
                0x080033a8                . = ALIGN (0x4)
                0x080033a8                _etext = .

.vfp11_veneer   0x080033a8        0x0
 .vfp11_veneer  0x080033a8        0x0 linker stubs

.v4_bx          0x080033a8        0x0
 .v4_bx         0x080033a8        0x0 linker stubs

.iplt           0x080033a8        0x0
 .iplt          0x080033a8        0x0 c:/clion/gcc-arm-none-eabi-10.3-2021.10/bin/../lib/gcc/arm-none-eabi/10.3.1/thumb/v7-m/nofp/crtbegin.o

.rodata         0x080033a8      0x2bc
                0x080033a8                . = ALIGN (0x4)
 *(.rodata)
 .rodata        0x080033a8       0x14 CMakeFiles/clion_f1_project.elf.dir/Core/Src/main.c.obj
 *(.rodata*)
 .rodata.HAL_UART_RxCpltCallback.str1.4
                0x080033bc        0xe CMakeFiles/clion_f1_project.elf.dir/Core/Src/main.c.obj
 *fill*         0x080033ca        0x2 
 .rodata.main.str1.4
                0x080033cc       0x3f CMakeFiles/clion_f1_project.elf.dir/Core/Src/main.c.obj
 *fill*         0x0800340b        0x1 
 .rodata.Font6x8
                0x0800340c      0x228 CMakeFiles/clion_f1_project.elf.dir/Core/Src/main.c.obj
                0x0800340c                Font6x8
 .rodata.AHBPrescTable
                0x08003634       0x10 CMakeFiles/clion_f1_project.elf.dir/Core/Src/system_stm32f1xx.c.obj
                0x08003634                AHBPrescTable
 .rodata.APBPrescTable
                0x08003644        0x8 CMakeFiles/clion_f1_project.elf.dir/Core/Src/system_stm32f1xx.c.obj
                0x08003644                APBPrescTable
 .rodata.HAL_RCC_GetSysClockFreq.str1.4
                0x0800364c       0x11 CMakeFiles/clion_f1_project.elf.dir/Drivers/STM32F1xx_HAL_Driver/Src/stm32f1xx_hal_rcc.c.obj
 .rodata.HAL_RCCEx_GetPeriphCLKFreq.str1.4
                0x0800365d       0x11 CMakeFiles/clion_f1_project.elf.dir/Drivers/STM32F1xx_HAL_Driver/Src/stm32f1xx_hal_rcc_ex.c.obj
 *fill*         0x0800365d        0x3 
 .rodata._global_impure_ptr
                0x08003660        0x4 c:/clion/gcc-arm-none-eabi-10.3-2021.10/bin/../lib/gcc/arm-none-eabi/10.3.1/../../../../arm-none-eabi/lib/thumb/v7-m/nofp\libg.a(lib_a-impure.o)
                0x08003660                _global_impure_ptr
                0x08003664                . = ALIGN (0x4)

.rel.dyn        0x08003664        0x0
 .rel.iplt      0x08003664        0x0 c:/clion/gcc-arm-none-eabi-10.3-2021.10/bin/../lib/gcc/arm-none-eabi/10.3.1/thumb/v7-m/nofp/crtbegin.o

.ARM.extab      0x08003664        0x0
                0x08003664                . = ALIGN (0x4)
 *(.ARM.extab* .gnu.linkonce.armextab.*)
                0x08003664                . = ALIGN (0x4)

.ARM            0x08003664        0x0
                0x08003664                . = ALIGN (0x4)
                0x08003664                __exidx_start = .
 *(.ARM.exidx*)
                0x08003664                __exidx_end = .
                0x08003664                . = ALIGN (0x4)

.preinit_array  0x08003664        0x0
                0x08003664                . = ALIGN (0x4)
                0x08003664                PROVIDE (__preinit_array_start = .)
 *(.preinit_array*)
                0x08003664                PROVIDE (__preinit_array_end = .)
                0x08003664                . = ALIGN (0x4)

.init_array     0x08003664        0x8
                0x08003664                . = ALIGN (0x4)
                0x08003664                PROVIDE (__init_array_start = .)
 *(SORT_BY_NAME(.init_array.*))
 .init_array.00000
                0x08003664        0x4 c:/clion/gcc-arm-none-eabi-10.3-2021.10/bin/../lib/gcc/arm-none-eabi/10.3.1/../../../../arm-none-eabi/lib/thumb/v7-m/nofp\libg.a(lib_a-__call_atexit.o)
 *(.init_array*)
 .init_array    0x08003668        0x4 c:/clion/gcc-arm-none-eabi-10.3-2021.10/bin/../lib/gcc/arm-none-eabi/10.3.1/thumb/v7-m/nofp/crtbegin.o
                0x0800366c                PROVIDE (__init_array_end = .)
                0x0800366c                . = ALIGN (0x4)

.fini_array     0x0800366c        0x4
                0x0800366c                . = ALIGN (0x4)
                0x0800366c                PROVIDE (__fini_array_start = .)
 *(SORT_BY_NAME(.fini_array.*))
 *(.fini_array*)
 .fini_array    0x0800366c        0x4 c:/clion/gcc-arm-none-eabi-10.3-2021.10/bin/../lib/gcc/arm-none-eabi/10.3.1/thumb/v7-m/nofp/crtbegin.o
                0x08003670                PROVIDE (__fini_array_end = .)
                0x08003670                . = ALIGN (0x4)
                0x08003670                _sidata = LOADADDR (.data)

.data           0x20000000      0x4e4 load address 0x08003670
                0x20000000                . = ALIGN (0x4)
                0x20000000                _sdata = .
 *(.data)
 *(.data*)
 .data.Nokia_ADC_Display
                0x20000000       0x54 CMakeFiles/clion_f1_project.elf.dir/Core/Src/main.c.obj
                0x20000000                Nokia_ADC_Display
 .data.Nokia_Init_Display
                0x20000054       0x54 CMakeFiles/clion_f1_project.elf.dir/Core/Src/main.c.obj
                0x20000054                Nokia_Init_Display
 .data.SystemCoreClock
                0x200000a8        0x4 CMakeFiles/clion_f1_project.elf.dir/Core/Src/system_stm32f1xx.c.obj
                0x200000a8                SystemCoreClock
 .data.uwTickFreq
                0x200000ac        0x1 CMakeFiles/clion_f1_project.elf.dir/Drivers/STM32F1xx_HAL_Driver/Src/stm32f1xx_hal.c.obj
                0x200000ac                uwTickFreq
 *fill*         0x200000ad        0x3 
 .data.uwTickPrio
                0x200000b0        0x4 CMakeFiles/clion_f1_project.elf.dir/Drivers/STM32F1xx_HAL_Driver/Src/stm32f1xx_hal.c.obj
                0x200000b0                uwTickPrio
 *fill*         0x200000b4        0x4 
 .data.impure_data
                0x200000b8      0x428 c:/clion/gcc-arm-none-eabi-10.3-2021.10/bin/../lib/gcc/arm-none-eabi/10.3.1/../../../../arm-none-eabi/lib/thumb/v7-m/nofp\libg.a(lib_a-impure.o)
 .data.__atexit_recursive_mutex
                0x200004e0        0x4 c:/clion/gcc-arm-none-eabi-10.3-2021.10/bin/../lib/gcc/arm-none-eabi/10.3.1/../../../../arm-none-eabi/lib/thumb/v7-m/nofp\libg.a(lib_a-__call_atexit.o)
                0x200004e0                __atexit_recursive_mutex
 *(.RamFunc)
 *(.RamFunc*)
                0x200004e4                . = ALIGN (0x4)
                0x200004e4                _edata = .

.igot.plt       0x200004e4        0x0 load address 0x08003b54
 .igot.plt      0x200004e4        0x0 c:/clion/gcc-arm-none-eabi-10.3-2021.10/bin/../lib/gcc/arm-none-eabi/10.3.1/thumb/v7-m/nofp/crtbegin.o
                0x200004e4                . = ALIGN (0x4)

.bss            0x200004e4      0x1cc load address 0x08003b54
                0x200004e4                _sbss = .
                0x200004e4                __bss_start__ = _sbss
 *(.bss)
 .bss           0x200004e4       0x1c c:/clion/gcc-arm-none-eabi-10.3-2021.10/bin/../lib/gcc/arm-none-eabi/10.3.1/thumb/v7-m/nofp/crtbegin.o
 *(.bss*)
 .bss.hadc1     0x20000500       0x30 CMakeFiles/clion_f1_project.elf.dir/Core/Src/adc.c.obj
                0x20000500                hadc1
 .bss.hadc2     0x20000530       0x30 CMakeFiles/clion_f1_project.elf.dir/Core/Src/adc.c.obj
                0x20000530                hadc2
 .bss.hdma_adc1
                0x20000560       0x44 CMakeFiles/clion_f1_project.elf.dir/Core/Src/adc.c.obj
                0x20000560                hdma_adc1
 .bss.AD_Flag   0x200005a4        0x2 CMakeFiles/clion_f1_project.elf.dir/Core/Src/main.c.obj
                0x200005a4                AD_Flag
 *fill*         0x200005a6        0x2 
 .bss.DataPosition
                0x200005a8        0x4 CMakeFiles/clion_f1_project.elf.dir/Core/Src/main.c.obj
                0x200005a8                DataPosition
 .bss.RecBuffer
                0x200005ac        0x1 CMakeFiles/clion_f1_project.elf.dir/Core/Src/main.c.obj
                0x200005ac                RecBuffer
 *fill*         0x200005ad        0x3 
 .bss.RecData   0x200005b0       0x20 CMakeFiles/clion_f1_project.elf.dir/Core/Src/main.c.obj
                0x200005b0                RecData
 .bss.RecFlag   0x200005d0        0x4 CMakeFiles/clion_f1_project.elf.dir/Core/Src/main.c.obj
                0x200005d0                RecFlag
 .bss.Vx_Value  0x200005d4        0x2 CMakeFiles/clion_f1_project.elf.dir/Core/Src/main.c.obj
                0x200005d4                Vx_Value
 .bss.Vy_Value  0x200005d6        0x2 CMakeFiles/clion_f1_project.elf.dir/Core/Src/main.c.obj
                0x200005d6                Vy_Value
 .bss.htim3     0x200005d8       0x48 CMakeFiles/clion_f1_project.elf.dir/Core/Src/tim.c.obj
                0x200005d8                htim3
 .bss.huart1    0x20000620       0x44 CMakeFiles/clion_f1_project.elf.dir/Core/Src/usart.c.obj
                0x20000620                huart1
 .bss.huart2    0x20000664       0x44 CMakeFiles/clion_f1_project.elf.dir/Core/Src/usart.c.obj
                0x20000664                huart2
 .bss.uwTick    0x200006a8        0x4 CMakeFiles/clion_f1_project.elf.dir/Drivers/STM32F1xx_HAL_Driver/Src/stm32f1xx_hal.c.obj
                0x200006a8                uwTick
 .bss.__lock___atexit_recursive_mutex
                0x200006ac        0x1 c:/clion/gcc-arm-none-eabi-10.3-2021.10/bin/../lib/gcc/arm-none-eabi/10.3.1/../../../../arm-none-eabi/lib/thumb/v7-m/nofp\libg.a(lib_a-lock.o)
                0x200006ac                __lock___atexit_recursive_mutex
 *(COMMON)
                0x200006b0                . = ALIGN (0x4)
 *fill*         0x200006ad        0x3 
                0x200006b0                _ebss = .
                0x200006b0                __bss_end__ = _ebss

._user_heap_stack
                0x200006b0      0xd00 load address 0x08003b54
                0x200006b0                . = ALIGN (0x8)
                [!provide]                PROVIDE (end = .)
                0x200006b0                PROVIDE (_end = .)
                0x20000bb0                . = (. + _Min_Heap_Size)
 *fill*         0x200006b0      0x500 
                0x200013b0                . = (. + _Min_Stack_Size)
 *fill*         0x20000bb0      0x800 
                0x200013b0                . = ALIGN (0x8)

/DISCARD/
 libc.a(*)
 libm.a(*)
 libgcc.a(*)

.ARM.attributes
                0x00000000       0x29
 *(.ARM.attributes)
 .ARM.attributes
                0x00000000       0x1d c:/clion/gcc-arm-none-eabi-10.3-2021.10/bin/../lib/gcc/arm-none-eabi/10.3.1/thumb/v7-m/nofp/crti.o
 .ARM.attributes
                0x0000001d       0x2d c:/clion/gcc-arm-none-eabi-10.3-2021.10/bin/../lib/gcc/arm-none-eabi/10.3.1/thumb/v7-m/nofp/crtbegin.o
 .ARM.attributes
                0x0000004a       0x2d CMakeFiles/clion_f1_project.elf.dir/Core/Src/adc.c.obj
 .ARM.attributes
                0x00000077       0x2d CMakeFiles/clion_f1_project.elf.dir/Core/Src/dma.c.obj
 .ARM.attributes
                0x000000a4       0x2d CMakeFiles/clion_f1_project.elf.dir/Core/Src/gpio.c.obj
 .ARM.attributes
                0x000000d1       0x2d CMakeFiles/clion_f1_project.elf.dir/Core/Src/main.c.obj
 .ARM.attributes
                0x000000fe       0x2d CMakeFiles/clion_f1_project.elf.dir/Core/Src/stm32f1xx_hal_msp.c.obj
 .ARM.attributes
                0x0000012b       0x2d CMakeFiles/clion_f1_project.elf.dir/Core/Src/stm32f1xx_it.c.obj
 .ARM.attributes
                0x00000158       0x2d CMakeFiles/clion_f1_project.elf.dir/Core/Src/system_stm32f1xx.c.obj
 .ARM.attributes
                0x00000185       0x2d CMakeFiles/clion_f1_project.elf.dir/Core/Src/tim.c.obj
 .ARM.attributes
                0x000001b2       0x2d CMakeFiles/clion_f1_project.elf.dir/Core/Src/usart.c.obj
 .ARM.attributes
                0x000001df       0x21 CMakeFiles/clion_f1_project.elf.dir/Core/Startup/startup_stm32f103c6tx.s.obj
 .ARM.attributes
                0x00000200       0x2d CMakeFiles/clion_f1_project.elf.dir/Drivers/STM32F1xx_HAL_Driver/Src/stm32f1xx_hal.c.obj
 .ARM.attributes
                0x0000022d       0x2d CMakeFiles/clion_f1_project.elf.dir/Drivers/STM32F1xx_HAL_Driver/Src/stm32f1xx_hal_adc.c.obj
 .ARM.attributes
                0x0000025a       0x2d CMakeFiles/clion_f1_project.elf.dir/Drivers/STM32F1xx_HAL_Driver/Src/stm32f1xx_hal_adc_ex.c.obj
 .ARM.attributes
                0x00000287       0x2d CMakeFiles/clion_f1_project.elf.dir/Drivers/STM32F1xx_HAL_Driver/Src/stm32f1xx_hal_cortex.c.obj
 .ARM.attributes
                0x000002b4       0x2d CMakeFiles/clion_f1_project.elf.dir/Drivers/STM32F1xx_HAL_Driver/Src/stm32f1xx_hal_dma.c.obj
 .ARM.attributes
                0x000002e1       0x2d CMakeFiles/clion_f1_project.elf.dir/Drivers/STM32F1xx_HAL_Driver/Src/stm32f1xx_hal_gpio.c.obj
 .ARM.attributes
                0x0000030e       0x2d CMakeFiles/clion_f1_project.elf.dir/Drivers/STM32F1xx_HAL_Driver/Src/stm32f1xx_hal_rcc.c.obj
 .ARM.attributes
                0x0000033b       0x2d CMakeFiles/clion_f1_project.elf.dir/Drivers/STM32F1xx_HAL_Driver/Src/stm32f1xx_hal_rcc_ex.c.obj
 .ARM.attributes
                0x00000368       0x2d CMakeFiles/clion_f1_project.elf.dir/Drivers/STM32F1xx_HAL_Driver/Src/stm32f1xx_hal_tim.c.obj
 .ARM.attributes
                0x00000395       0x2d CMakeFiles/clion_f1_project.elf.dir/Drivers/STM32F1xx_HAL_Driver/Src/stm32f1xx_hal_tim_ex.c.obj
 .ARM.attributes
                0x000003c2       0x2d CMakeFiles/clion_f1_project.elf.dir/Drivers/STM32F1xx_HAL_Driver/Src/stm32f1xx_hal_uart.c.obj
 .ARM.attributes
                0x000003ef       0x2d c:/clion/gcc-arm-none-eabi-10.3-2021.10/bin/../lib/gcc/arm-none-eabi/10.3.1/../../../../arm-none-eabi/lib/thumb/v7-m/nofp\libg.a(lib_a-impure.o)
 .ARM.attributes
                0x0000041c       0x2d c:/clion/gcc-arm-none-eabi-10.3-2021.10/bin/../lib/gcc/arm-none-eabi/10.3.1/../../../../arm-none-eabi/lib/thumb/v7-m/nofp\libg.a(lib_a-init.o)
 .ARM.attributes
                0x00000449       0x2d c:/clion/gcc-arm-none-eabi-10.3-2021.10/bin/../lib/gcc/arm-none-eabi/10.3.1/../../../../arm-none-eabi/lib/thumb/v7-m/nofp\libg.a(lib_a-memset.o)
 .ARM.attributes
                0x00000476       0x2d c:/clion/gcc-arm-none-eabi-10.3-2021.10/bin/../lib/gcc/arm-none-eabi/10.3.1/../../../../arm-none-eabi/lib/thumb/v7-m/nofp\libg.a(lib_a-__call_atexit.o)
 .ARM.attributes
                0x000004a3       0x2d c:/clion/gcc-arm-none-eabi-10.3-2021.10/bin/../lib/gcc/arm-none-eabi/10.3.1/../../../../arm-none-eabi/lib/thumb/v7-m/nofp\libg.a(lib_a-atexit.o)
 .ARM.attributes
                0x000004d0       0x2d c:/clion/gcc-arm-none-eabi-10.3-2021.10/bin/../lib/gcc/arm-none-eabi/10.3.1/../../../../arm-none-eabi/lib/thumb/v7-m/nofp\libg.a(lib_a-fini.o)
 .ARM.attributes
                0x000004fd       0x2d c:/clion/gcc-arm-none-eabi-10.3-2021.10/bin/../lib/gcc/arm-none-eabi/10.3.1/../../../../arm-none-eabi/lib/thumb/v7-m/nofp\libg.a(lib_a-lock.o)
 .ARM.attributes
                0x0000052a       0x2d c:/clion/gcc-arm-none-eabi-10.3-2021.10/bin/../lib/gcc/arm-none-eabi/10.3.1/../../../../arm-none-eabi/lib/thumb/v7-m/nofp\libg.a(lib_a-__atexit.o)
 .ARM.attributes
                0x00000557       0x1d c:/clion/gcc-arm-none-eabi-10.3-2021.10/bin/../lib/gcc/arm-none-eabi/10.3.1/thumb/v7-m/nofp/crtn.o
OUTPUT(clion_f1_project.elf elf32-littlearm)
LOAD linker stubs
LOAD c:/clion/gcc-arm-none-eabi-10.3-2021.10/bin/../lib/gcc/arm-none-eabi/10.3.1/../../../../arm-none-eabi/lib/thumb/v7-m/nofp\libc.a
LOAD c:/clion/gcc-arm-none-eabi-10.3-2021.10/bin/../lib/gcc/arm-none-eabi/10.3.1/../../../../arm-none-eabi/lib/thumb/v7-m/nofp\libm.a
LOAD c:/clion/gcc-arm-none-eabi-10.3-2021.10/bin/../lib/gcc/arm-none-eabi/10.3.1/thumb/v7-m/nofp\libgcc.a

.debug_info     0x00000000    0x1176b
 .debug_info    0x00000000      0xb4e CMakeFiles/clion_f1_project.elf.dir/Core/Src/adc.c.obj
 .debug_info    0x00000b4e      0x2d6 CMakeFiles/clion_f1_project.elf.dir/Core/Src/dma.c.obj
 .debug_info    0x00000e24      0x565 CMakeFiles/clion_f1_project.elf.dir/Core/Src/gpio.c.obj
 .debug_info    0x00001389     0x1eaa CMakeFiles/clion_f1_project.elf.dir/Core/Src/main.c.obj
 .debug_info    0x00003233      0x211 CMakeFiles/clion_f1_project.elf.dir/Core/Src/stm32f1xx_hal_msp.c.obj
 .debug_info    0x00003444      0xc73 CMakeFiles/clion_f1_project.elf.dir/Core/Src/stm32f1xx_it.c.obj
 .debug_info    0x000040b7      0x248 CMakeFiles/clion_f1_project.elf.dir/Core/Src/system_stm32f1xx.c.obj
 .debug_info    0x000042ff      0xa39 CMakeFiles/clion_f1_project.elf.dir/Core/Src/tim.c.obj
 .debug_info    0x00004d38      0xb2e CMakeFiles/clion_f1_project.elf.dir/Core/Src/usart.c.obj
 .debug_info    0x00005866       0x22 CMakeFiles/clion_f1_project.elf.dir/Core/Startup/startup_stm32f103c6tx.s.obj
 .debug_info    0x00005888      0x78a CMakeFiles/clion_f1_project.elf.dir/Drivers/STM32F1xx_HAL_Driver/Src/stm32f1xx_hal.c.obj
 .debug_info    0x00006012      0xf10 CMakeFiles/clion_f1_project.elf.dir/Drivers/STM32F1xx_HAL_Driver/Src/stm32f1xx_hal_adc.c.obj
 .debug_info    0x00006f22      0xc3b CMakeFiles/clion_f1_project.elf.dir/Drivers/STM32F1xx_HAL_Driver/Src/stm32f1xx_hal_adc_ex.c.obj
 .debug_info    0x00007b5d      0xd6c CMakeFiles/clion_f1_project.elf.dir/Drivers/STM32F1xx_HAL_Driver/Src/stm32f1xx_hal_cortex.c.obj
 .debug_info    0x000088c9      0x846 CMakeFiles/clion_f1_project.elf.dir/Drivers/STM32F1xx_HAL_Driver/Src/stm32f1xx_hal_dma.c.obj
 .debug_info    0x0000910f      0x66f CMakeFiles/clion_f1_project.elf.dir/Drivers/STM32F1xx_HAL_Driver/Src/stm32f1xx_hal_gpio.c.obj
 .debug_info    0x0000977e      0xa36 CMakeFiles/clion_f1_project.elf.dir/Drivers/STM32F1xx_HAL_Driver/Src/stm32f1xx_hal_rcc.c.obj
 .debug_info    0x0000a1b4      0x443 CMakeFiles/clion_f1_project.elf.dir/Drivers/STM32F1xx_HAL_Driver/Src/stm32f1xx_hal_rcc_ex.c.obj
 .debug_info    0x0000a5f7     0x3b00 CMakeFiles/clion_f1_project.elf.dir/Drivers/STM32F1xx_HAL_Driver/Src/stm32f1xx_hal_tim.c.obj
 .debug_info    0x0000e0f7     0x19e9 CMakeFiles/clion_f1_project.elf.dir/Drivers/STM32F1xx_HAL_Driver/Src/stm32f1xx_hal_tim_ex.c.obj
 .debug_info    0x0000fae0     0x1c8b CMakeFiles/clion_f1_project.elf.dir/Drivers/STM32F1xx_HAL_Driver/Src/stm32f1xx_hal_uart.c.obj

.debug_abbrev   0x00000000     0x2775
 .debug_abbrev  0x00000000      0x1dd CMakeFiles/clion_f1_project.elf.dir/Core/Src/adc.c.obj
 .debug_abbrev  0x000001dd      0x114 CMakeFiles/clion_f1_project.elf.dir/Core/Src/dma.c.obj
 .debug_abbrev  0x000002f1      0x158 CMakeFiles/clion_f1_project.elf.dir/Core/Src/gpio.c.obj
 .debug_abbrev  0x00000449      0x2b8 CMakeFiles/clion_f1_project.elf.dir/Core/Src/main.c.obj
 .debug_abbrev  0x00000701       0xe5 CMakeFiles/clion_f1_project.elf.dir/Core/Src/stm32f1xx_hal_msp.c.obj
 .debug_abbrev  0x000007e6      0x1d0 CMakeFiles/clion_f1_project.elf.dir/Core/Src/stm32f1xx_it.c.obj
 .debug_abbrev  0x000009b6      0x13e CMakeFiles/clion_f1_project.elf.dir/Core/Src/system_stm32f1xx.c.obj
 .debug_abbrev  0x00000af4      0x1de CMakeFiles/clion_f1_project.elf.dir/Core/Src/tim.c.obj
 .debug_abbrev  0x00000cd2      0x1f0 CMakeFiles/clion_f1_project.elf.dir/Core/Src/usart.c.obj
 .debug_abbrev  0x00000ec2       0x12 CMakeFiles/clion_f1_project.elf.dir/Core/Startup/startup_stm32f103c6tx.s.obj
 .debug_abbrev  0x00000ed4      0x1f4 CMakeFiles/clion_f1_project.elf.dir/Drivers/STM32F1xx_HAL_Driver/Src/stm32f1xx_hal.c.obj
 .debug_abbrev  0x000010c8      0x1fc CMakeFiles/clion_f1_project.elf.dir/Drivers/STM32F1xx_HAL_Driver/Src/stm32f1xx_hal_adc.c.obj
 .debug_abbrev  0x000012c4      0x248 CMakeFiles/clion_f1_project.elf.dir/Drivers/STM32F1xx_HAL_Driver/Src/stm32f1xx_hal_adc_ex.c.obj
 .debug_abbrev  0x0000150c      0x341 CMakeFiles/clion_f1_project.elf.dir/Drivers/STM32F1xx_HAL_Driver/Src/stm32f1xx_hal_cortex.c.obj
 .debug_abbrev  0x0000184d      0x223 CMakeFiles/clion_f1_project.elf.dir/Drivers/STM32F1xx_HAL_Driver/Src/stm32f1xx_hal_dma.c.obj
 .debug_abbrev  0x00001a70      0x1e6 CMakeFiles/clion_f1_project.elf.dir/Drivers/STM32F1xx_HAL_Driver/Src/stm32f1xx_hal_gpio.c.obj
 .debug_abbrev  0x00001c56      0x27a CMakeFiles/clion_f1_project.elf.dir/Drivers/STM32F1xx_HAL_Driver/Src/stm32f1xx_hal_rcc.c.obj
 .debug_abbrev  0x00001ed0      0x1d2 CMakeFiles/clion_f1_project.elf.dir/Drivers/STM32F1xx_HAL_Driver/Src/stm32f1xx_hal_rcc_ex.c.obj
 .debug_abbrev  0x000020a2      0x23e CMakeFiles/clion_f1_project.elf.dir/Drivers/STM32F1xx_HAL_Driver/Src/stm32f1xx_hal_tim.c.obj
 .debug_abbrev  0x000022e0      0x241 CMakeFiles/clion_f1_project.elf.dir/Drivers/STM32F1xx_HAL_Driver/Src/stm32f1xx_hal_tim_ex.c.obj
 .debug_abbrev  0x00002521      0x254 CMakeFiles/clion_f1_project.elf.dir/Drivers/STM32F1xx_HAL_Driver/Src/stm32f1xx_hal_uart.c.obj

.debug_loc      0x00000000     0xbcdd
 .debug_loc     0x00000000       0xb8 CMakeFiles/clion_f1_project.elf.dir/Core/Src/adc.c.obj
 .debug_loc     0x000000b8      0x5ac CMakeFiles/clion_f1_project.elf.dir/Core/Src/main.c.obj
 .debug_loc     0x00000664       0x15 CMakeFiles/clion_f1_project.elf.dir/Core/Src/stm32f1xx_hal_msp.c.obj
 .debug_loc     0x00000679       0xff CMakeFiles/clion_f1_project.elf.dir/Core/Src/system_stm32f1xx.c.obj
 .debug_loc     0x00000778       0x67 CMakeFiles/clion_f1_project.elf.dir/Core/Src/tim.c.obj
 .debug_loc     0x000007df       0xf3 CMakeFiles/clion_f1_project.elf.dir/Core/Src/usart.c.obj
 .debug_loc     0x000008d2      0x141 CMakeFiles/clion_f1_project.elf.dir/Drivers/STM32F1xx_HAL_Driver/Src/stm32f1xx_hal.c.obj
 .debug_loc     0x00000a13      0xad9 CMakeFiles/clion_f1_project.elf.dir/Drivers/STM32F1xx_HAL_Driver/Src/stm32f1xx_hal_adc.c.obj
 .debug_loc     0x000014ec      0x801 CMakeFiles/clion_f1_project.elf.dir/Drivers/STM32F1xx_HAL_Driver/Src/stm32f1xx_hal_adc_ex.c.obj
 .debug_loc     0x00001ced      0x71f CMakeFiles/clion_f1_project.elf.dir/Drivers/STM32F1xx_HAL_Driver/Src/stm32f1xx_hal_cortex.c.obj
 .debug_loc     0x0000240c      0x7d1 CMakeFiles/clion_f1_project.elf.dir/Drivers/STM32F1xx_HAL_Driver/Src/stm32f1xx_hal_dma.c.obj
 .debug_loc     0x00002bdd      0x43d CMakeFiles/clion_f1_project.elf.dir/Drivers/STM32F1xx_HAL_Driver/Src/stm32f1xx_hal_gpio.c.obj
 .debug_loc     0x0000301a      0x63e CMakeFiles/clion_f1_project.elf.dir/Drivers/STM32F1xx_HAL_Driver/Src/stm32f1xx_hal_rcc.c.obj
 .debug_loc     0x00003658      0x3c8 CMakeFiles/clion_f1_project.elf.dir/Drivers/STM32F1xx_HAL_Driver/Src/stm32f1xx_hal_rcc_ex.c.obj
 .debug_loc     0x00003a20     0x47a8 CMakeFiles/clion_f1_project.elf.dir/Drivers/STM32F1xx_HAL_Driver/Src/stm32f1xx_hal_tim.c.obj
 .debug_loc     0x000081c8     0x1ade CMakeFiles/clion_f1_project.elf.dir/Drivers/STM32F1xx_HAL_Driver/Src/stm32f1xx_hal_tim_ex.c.obj
 .debug_loc     0x00009ca6     0x2037 CMakeFiles/clion_f1_project.elf.dir/Drivers/STM32F1xx_HAL_Driver/Src/stm32f1xx_hal_uart.c.obj

.debug_aranges  0x00000000      0xe20
 .debug_aranges
                0x00000000       0x38 CMakeFiles/clion_f1_project.elf.dir/Core/Src/adc.c.obj
 .debug_aranges
                0x00000038       0x20 CMakeFiles/clion_f1_project.elf.dir/Core/Src/dma.c.obj
 .debug_aranges
                0x00000058       0x20 CMakeFiles/clion_f1_project.elf.dir/Core/Src/gpio.c.obj
 .debug_aranges
                0x00000078       0x98 CMakeFiles/clion_f1_project.elf.dir/Core/Src/main.c.obj
 .debug_aranges
                0x00000110       0x20 CMakeFiles/clion_f1_project.elf.dir/Core/Src/stm32f1xx_hal_msp.c.obj
 .debug_aranges
                0x00000130       0x88 CMakeFiles/clion_f1_project.elf.dir/Core/Src/stm32f1xx_it.c.obj
 .debug_aranges
                0x000001b8       0x28 CMakeFiles/clion_f1_project.elf.dir/Core/Src/system_stm32f1xx.c.obj
 .debug_aranges
                0x000001e0       0x30 CMakeFiles/clion_f1_project.elf.dir/Core/Src/tim.c.obj
 .debug_aranges
                0x00000210       0x38 CMakeFiles/clion_f1_project.elf.dir/Core/Src/usart.c.obj
 .debug_aranges
                0x00000248       0x28 CMakeFiles/clion_f1_project.elf.dir/Core/Startup/startup_stm32f103c6tx.s.obj
 .debug_aranges
                0x00000270       0xe0 CMakeFiles/clion_f1_project.elf.dir/Drivers/STM32F1xx_HAL_Driver/Src/stm32f1xx_hal.c.obj
 .debug_aranges
                0x00000350       0xf0 CMakeFiles/clion_f1_project.elf.dir/Drivers/STM32F1xx_HAL_Driver/Src/stm32f1xx_hal_adc.c.obj
 .debug_aranges
                0x00000440       0x80 CMakeFiles/clion_f1_project.elf.dir/Drivers/STM32F1xx_HAL_Driver/Src/stm32f1xx_hal_adc_ex.c.obj
 .debug_aranges
                0x000004c0       0x90 CMakeFiles/clion_f1_project.elf.dir/Drivers/STM32F1xx_HAL_Driver/Src/stm32f1xx_hal_cortex.c.obj
 .debug_aranges
                0x00000550       0x80 CMakeFiles/clion_f1_project.elf.dir/Drivers/STM32F1xx_HAL_Driver/Src/stm32f1xx_hal_dma.c.obj
 .debug_aranges
                0x000005d0       0x58 CMakeFiles/clion_f1_project.elf.dir/Drivers/STM32F1xx_HAL_Driver/Src/stm32f1xx_hal_gpio.c.obj
 .debug_aranges
                0x00000628       0x90 CMakeFiles/clion_f1_project.elf.dir/Drivers/STM32F1xx_HAL_Driver/Src/stm32f1xx_hal_rcc.c.obj
 .debug_aranges
                0x000006b8       0x30 CMakeFiles/clion_f1_project.elf.dir/Drivers/STM32F1xx_HAL_Driver/Src/stm32f1xx_hal_rcc_ex.c.obj
 .debug_aranges
                0x000006e8      0x3d0 CMakeFiles/clion_f1_project.elf.dir/Drivers/STM32F1xx_HAL_Driver/Src/stm32f1xx_hal_tim.c.obj
 .debug_aranges
                0x00000ab8      0x168 CMakeFiles/clion_f1_project.elf.dir/Drivers/STM32F1xx_HAL_Driver/Src/stm32f1xx_hal_tim_ex.c.obj
 .debug_aranges
                0x00000c20      0x200 CMakeFiles/clion_f1_project.elf.dir/Drivers/STM32F1xx_HAL_Driver/Src/stm32f1xx_hal_uart.c.obj

.debug_ranges   0x00000000      0xda0
 .debug_ranges  0x00000000       0x28 CMakeFiles/clion_f1_project.elf.dir/Core/Src/adc.c.obj
 .debug_ranges  0x00000028       0x10 CMakeFiles/clion_f1_project.elf.dir/Core/Src/dma.c.obj
 .debug_ranges  0x00000038       0x10 CMakeFiles/clion_f1_project.elf.dir/Core/Src/gpio.c.obj
 .debug_ranges  0x00000048       0xb8 CMakeFiles/clion_f1_project.elf.dir/Core/Src/main.c.obj
 .debug_ranges  0x00000100       0x10 CMakeFiles/clion_f1_project.elf.dir/Core/Src/stm32f1xx_hal_msp.c.obj
 .debug_ranges  0x00000110       0x78 CMakeFiles/clion_f1_project.elf.dir/Core/Src/stm32f1xx_it.c.obj
 .debug_ranges  0x00000188       0x18 CMakeFiles/clion_f1_project.elf.dir/Core/Src/system_stm32f1xx.c.obj
 .debug_ranges  0x000001a0       0x20 CMakeFiles/clion_f1_project.elf.dir/Core/Src/tim.c.obj
 .debug_ranges  0x000001c0       0x28 CMakeFiles/clion_f1_project.elf.dir/Core/Src/usart.c.obj
 .debug_ranges  0x000001e8       0x20 CMakeFiles/clion_f1_project.elf.dir/Core/Startup/startup_stm32f103c6tx.s.obj
 .debug_ranges  0x00000208       0xd0 CMakeFiles/clion_f1_project.elf.dir/Drivers/STM32F1xx_HAL_Driver/Src/stm32f1xx_hal.c.obj
 .debug_ranges  0x000002d8       0xe0 CMakeFiles/clion_f1_project.elf.dir/Drivers/STM32F1xx_HAL_Driver/Src/stm32f1xx_hal_adc.c.obj
 .debug_ranges  0x000003b8       0x70 CMakeFiles/clion_f1_project.elf.dir/Drivers/STM32F1xx_HAL_Driver/Src/stm32f1xx_hal_adc_ex.c.obj
 .debug_ranges  0x00000428       0xe0 CMakeFiles/clion_f1_project.elf.dir/Drivers/STM32F1xx_HAL_Driver/Src/stm32f1xx_hal_cortex.c.obj
 .debug_ranges  0x00000508       0x70 CMakeFiles/clion_f1_project.elf.dir/Drivers/STM32F1xx_HAL_Driver/Src/stm32f1xx_hal_dma.c.obj
 .debug_ranges  0x00000578       0x48 CMakeFiles/clion_f1_project.elf.dir/Drivers/STM32F1xx_HAL_Driver/Src/stm32f1xx_hal_gpio.c.obj
 .debug_ranges  0x000005c0       0xa0 CMakeFiles/clion_f1_project.elf.dir/Drivers/STM32F1xx_HAL_Driver/Src/stm32f1xx_hal_rcc.c.obj
 .debug_ranges  0x00000660       0x38 CMakeFiles/clion_f1_project.elf.dir/Drivers/STM32F1xx_HAL_Driver/Src/stm32f1xx_hal_rcc_ex.c.obj
 .debug_ranges  0x00000698      0x3c0 CMakeFiles/clion_f1_project.elf.dir/Drivers/STM32F1xx_HAL_Driver/Src/stm32f1xx_hal_tim.c.obj
 .debug_ranges  0x00000a58      0x158 CMakeFiles/clion_f1_project.elf.dir/Drivers/STM32F1xx_HAL_Driver/Src/stm32f1xx_hal_tim_ex.c.obj
 .debug_ranges  0x00000bb0      0x1f0 CMakeFiles/clion_f1_project.elf.dir/Drivers/STM32F1xx_HAL_Driver/Src/stm32f1xx_hal_uart.c.obj

.debug_line     0x00000000     0xee9a
 .debug_line    0x00000000      0x484 CMakeFiles/clion_f1_project.elf.dir/Core/Src/adc.c.obj
 .debug_line    0x00000484      0x1c1 CMakeFiles/clion_f1_project.elf.dir/Core/Src/dma.c.obj
 .debug_line    0x00000645      0x2d6 CMakeFiles/clion_f1_project.elf.dir/Core/Src/gpio.c.obj
 .debug_line    0x0000091b      0xb6c CMakeFiles/clion_f1_project.elf.dir/Core/Src/main.c.obj
 .debug_line    0x00001487      0x182 CMakeFiles/clion_f1_project.elf.dir/Core/Src/stm32f1xx_hal_msp.c.obj
 .debug_line    0x00001609      0x3c8 CMakeFiles/clion_f1_project.elf.dir/Core/Src/stm32f1xx_it.c.obj
 .debug_line    0x000019d1      0x24c CMakeFiles/clion_f1_project.elf.dir/Core/Src/system_stm32f1xx.c.obj
 .debug_line    0x00001c1d      0x332 CMakeFiles/clion_f1_project.elf.dir/Core/Src/tim.c.obj
 .debug_line    0x00001f4f      0x421 CMakeFiles/clion_f1_project.elf.dir/Core/Src/usart.c.obj
 .debug_line    0x00002370       0xa0 CMakeFiles/clion_f1_project.elf.dir/Core/Startup/startup_stm32f103c6tx.s.obj
 .debug_line    0x00002410      0x56c CMakeFiles/clion_f1_project.elf.dir/Drivers/STM32F1xx_HAL_Driver/Src/stm32f1xx_hal.c.obj
 .debug_line    0x0000297c      0xf0e CMakeFiles/clion_f1_project.elf.dir/Drivers/STM32F1xx_HAL_Driver/Src/stm32f1xx_hal_adc.c.obj
 .debug_line    0x0000388a      0xbe4 CMakeFiles/clion_f1_project.elf.dir/Drivers/STM32F1xx_HAL_Driver/Src/stm32f1xx_hal_adc_ex.c.obj
 .debug_line    0x0000446e      0x65b CMakeFiles/clion_f1_project.elf.dir/Drivers/STM32F1xx_HAL_Driver/Src/stm32f1xx_hal_cortex.c.obj
 .debug_line    0x00004ac9      0xa75 CMakeFiles/clion_f1_project.elf.dir/Drivers/STM32F1xx_HAL_Driver/Src/stm32f1xx_hal_dma.c.obj
 .debug_line    0x0000553e      0x5ee CMakeFiles/clion_f1_project.elf.dir/Drivers/STM32F1xx_HAL_Driver/Src/stm32f1xx_hal_gpio.c.obj
 .debug_line    0x00005b2c      0xc4e CMakeFiles/clion_f1_project.elf.dir/Drivers/STM32F1xx_HAL_Driver/Src/stm32f1xx_hal_rcc.c.obj
 .debug_line    0x0000677a      0x4c0 CMakeFiles/clion_f1_project.elf.dir/Drivers/STM32F1xx_HAL_Driver/Src/stm32f1xx_hal_rcc_ex.c.obj
 .debug_line    0x00006c3a     0x4635 CMakeFiles/clion_f1_project.elf.dir/Drivers/STM32F1xx_HAL_Driver/Src/stm32f1xx_hal_tim.c.obj
 .debug_line    0x0000b26f     0x1b4e CMakeFiles/clion_f1_project.elf.dir/Drivers/STM32F1xx_HAL_Driver/Src/stm32f1xx_hal_tim_ex.c.obj
 .debug_line    0x0000cdbd     0x20dd CMakeFiles/clion_f1_project.elf.dir/Drivers/STM32F1xx_HAL_Driver/Src/stm32f1xx_hal_uart.c.obj

.debug_str      0x00000000     0x421c
 .debug_str     0x00000000      0x888 CMakeFiles/clion_f1_project.elf.dir/Core/Src/adc.c.obj
                                0x94b (size before relaxing)
 .debug_str     0x00000888       0x37 CMakeFiles/clion_f1_project.elf.dir/Core/Src/dma.c.obj
                                0x4d6 (size before relaxing)
 .debug_str     0x000008bf       0x67 CMakeFiles/clion_f1_project.elf.dir/Core/Src/gpio.c.obj
                                0x570 (size before relaxing)
 .debug_str     0x00000926      0x9f6 CMakeFiles/clion_f1_project.elf.dir/Core/Src/main.c.obj
                                0xfc9 (size before relaxing)
 .debug_str     0x0000131c       0x73 CMakeFiles/clion_f1_project.elf.dir/Core/Src/stm32f1xx_hal_msp.c.obj
                                0x24f (size before relaxing)
 .debug_str     0x0000138f      0x194 CMakeFiles/clion_f1_project.elf.dir/Core/Src/stm32f1xx_it.c.obj
                                0xb29 (size before relaxing)
 .debug_str     0x00001523       0x97 CMakeFiles/clion_f1_project.elf.dir/Core/Src/system_stm32f1xx.c.obj
                                0x284 (size before relaxing)
 .debug_str     0x000015ba      0x169 CMakeFiles/clion_f1_project.elf.dir/Core/Src/tim.c.obj
                                0xb0f (size before relaxing)
 .debug_str     0x00001723       0x6a CMakeFiles/clion_f1_project.elf.dir/Core/Src/usart.c.obj
                                0x9e8 (size before relaxing)
 .debug_str     0x0000178d       0x4f CMakeFiles/clion_f1_project.elf.dir/Core/Startup/startup_stm32f103c6tx.s.obj
                                 0x7d (size before relaxing)
 .debug_str     0x000017dc      0x31d CMakeFiles/clion_f1_project.elf.dir/Drivers/STM32F1xx_HAL_Driver/Src/stm32f1xx_hal.c.obj
                                0x81a (size before relaxing)
 .debug_str     0x00001af9      0x2b5 CMakeFiles/clion_f1_project.elf.dir/Drivers/STM32F1xx_HAL_Driver/Src/stm32f1xx_hal_adc.c.obj
                                0x903 (size before relaxing)
 .debug_str     0x00001dae      0x28e CMakeFiles/clion_f1_project.elf.dir/Drivers/STM32F1xx_HAL_Driver/Src/stm32f1xx_hal_adc_ex.c.obj
                                0x8bc (size before relaxing)
 .debug_str     0x0000203c      0x3b7 CMakeFiles/clion_f1_project.elf.dir/Drivers/STM32F1xx_HAL_Driver/Src/stm32f1xx_hal_cortex.c.obj
                                0x8c9 (size before relaxing)
 .debug_str     0x000023f3      0x20a CMakeFiles/clion_f1_project.elf.dir/Drivers/STM32F1xx_HAL_Driver/Src/stm32f1xx_hal_dma.c.obj
                                0x62d (size before relaxing)
 .debug_str     0x000025fd       0xb4 CMakeFiles/clion_f1_project.elf.dir/Drivers/STM32F1xx_HAL_Driver/Src/stm32f1xx_hal_gpio.c.obj
                                0x430 (size before relaxing)
 .debug_str     0x000026b1      0x1fe CMakeFiles/clion_f1_project.elf.dir/Drivers/STM32F1xx_HAL_Driver/Src/stm32f1xx_hal_rcc.c.obj
                                0x65b (size before relaxing)
 .debug_str     0x000028af       0x9d CMakeFiles/clion_f1_project.elf.dir/Drivers/STM32F1xx_HAL_Driver/Src/stm32f1xx_hal_rcc_ex.c.obj
                                0x403 (size before relaxing)
 .debug_str     0x0000294c      0xe04 CMakeFiles/clion_f1_project.elf.dir/Drivers/STM32F1xx_HAL_Driver/Src/stm32f1xx_hal_tim.c.obj
                               0x1668 (size before relaxing)
 .debug_str     0x00003750      0x53d CMakeFiles/clion_f1_project.elf.dir/Drivers/STM32F1xx_HAL_Driver/Src/stm32f1xx_hal_tim_ex.c.obj
                                0xe69 (size before relaxing)
 .debug_str     0x00003c8d      0x58f CMakeFiles/clion_f1_project.elf.dir/Drivers/STM32F1xx_HAL_Driver/Src/stm32f1xx_hal_uart.c.obj
                                0xcbe (size before relaxing)

.comment        0x00000000       0x49
 .comment       0x00000000       0x49 CMakeFiles/clion_f1_project.elf.dir/Core/Src/adc.c.obj
                                 0x4a (size before relaxing)
 .comment       0x00000049       0x4a CMakeFiles/clion_f1_project.elf.dir/Core/Src/dma.c.obj
 .comment       0x00000049       0x4a CMakeFiles/clion_f1_project.elf.dir/Core/Src/gpio.c.obj
 .comment       0x00000049       0x4a CMakeFiles/clion_f1_project.elf.dir/Core/Src/main.c.obj
 .comment       0x00000049       0x4a CMakeFiles/clion_f1_project.elf.dir/Core/Src/stm32f1xx_hal_msp.c.obj
 .comment       0x00000049       0x4a CMakeFiles/clion_f1_project.elf.dir/Core/Src/stm32f1xx_it.c.obj
 .comment       0x00000049       0x4a CMakeFiles/clion_f1_project.elf.dir/Core/Src/system_stm32f1xx.c.obj
 .comment       0x00000049       0x4a CMakeFiles/clion_f1_project.elf.dir/Core/Src/tim.c.obj
 .comment       0x00000049       0x4a CMakeFiles/clion_f1_project.elf.dir/Core/Src/usart.c.obj
 .comment       0x00000049       0x4a CMakeFiles/clion_f1_project.elf.dir/Drivers/STM32F1xx_HAL_Driver/Src/stm32f1xx_hal.c.obj
 .comment       0x00000049       0x4a CMakeFiles/clion_f1_project.elf.dir/Drivers/STM32F1xx_HAL_Driver/Src/stm32f1xx_hal_adc.c.obj
 .comment       0x00000049       0x4a CMakeFiles/clion_f1_project.elf.dir/Drivers/STM32F1xx_HAL_Driver/Src/stm32f1xx_hal_adc_ex.c.obj
 .comment       0x00000049       0x4a CMakeFiles/clion_f1_project.elf.dir/Drivers/STM32F1xx_HAL_Driver/Src/stm32f1xx_hal_cortex.c.obj
 .comment       0x00000049       0x4a CMakeFiles/clion_f1_project.elf.dir/Drivers/STM32F1xx_HAL_Driver/Src/stm32f1xx_hal_dma.c.obj
 .comment       0x00000049       0x4a CMakeFiles/clion_f1_project.elf.dir/Drivers/STM32F1xx_HAL_Driver/Src/stm32f1xx_hal_gpio.c.obj
 .comment       0x00000049       0x4a CMakeFiles/clion_f1_project.elf.dir/Drivers/STM32F1xx_HAL_Driver/Src/stm32f1xx_hal_rcc.c.obj
 .comment       0x00000049       0x4a CMakeFiles/clion_f1_project.elf.dir/Drivers/STM32F1xx_HAL_Driver/Src/stm32f1xx_hal_rcc_ex.c.obj
 .comment       0x00000049       0x4a CMakeFiles/clion_f1_project.elf.dir/Drivers/STM32F1xx_HAL_Driver/Src/stm32f1xx_hal_tim.c.obj
 .comment       0x00000049       0x4a CMakeFiles/clion_f1_project.elf.dir/Drivers/STM32F1xx_HAL_Driver/Src/stm32f1xx_hal_tim_ex.c.obj
 .comment       0x00000049       0x4a CMakeFiles/clion_f1_project.elf.dir/Drivers/STM32F1xx_HAL_Driver/Src/stm32f1xx_hal_uart.c.obj

.debug_frame    0x00000000     0x2734
 .debug_frame   0x00000000       0x88 CMakeFiles/clion_f1_project.elf.dir/Core/Src/adc.c.obj
 .debug_frame   0x00000088       0x2c CMakeFiles/clion_f1_project.elf.dir/Core/Src/dma.c.obj
 .debug_frame   0x000000b4       0x38 CMakeFiles/clion_f1_project.elf.dir/Core/Src/gpio.c.obj
 .debug_frame   0x000000ec      0x1bc CMakeFiles/clion_f1_project.elf.dir/Core/Src/main.c.obj
 .debug_frame   0x000002a8       0x28 CMakeFiles/clion_f1_project.elf.dir/Core/Src/stm32f1xx_hal_msp.c.obj
 .debug_frame   0x000002d0      0x120 CMakeFiles/clion_f1_project.elf.dir/Core/Src/stm32f1xx_it.c.obj
 .debug_frame   0x000003f0       0x30 CMakeFiles/clion_f1_project.elf.dir/Core/Src/system_stm32f1xx.c.obj
 .debug_frame   0x00000420       0x64 CMakeFiles/clion_f1_project.elf.dir/Core/Src/tim.c.obj
 .debug_frame   0x00000484       0x7c CMakeFiles/clion_f1_project.elf.dir/Core/Src/usart.c.obj
 .debug_frame   0x00000500      0x1cc CMakeFiles/clion_f1_project.elf.dir/Drivers/STM32F1xx_HAL_Driver/Src/stm32f1xx_hal.c.obj
 .debug_frame   0x000006cc      0x2c4 CMakeFiles/clion_f1_project.elf.dir/Drivers/STM32F1xx_HAL_Driver/Src/stm32f1xx_hal_adc.c.obj
 .debug_frame   0x00000990      0x19c CMakeFiles/clion_f1_project.elf.dir/Drivers/STM32F1xx_HAL_Driver/Src/stm32f1xx_hal_adc_ex.c.obj
 .debug_frame   0x00000b2c      0x118 CMakeFiles/clion_f1_project.elf.dir/Drivers/STM32F1xx_HAL_Driver/Src/stm32f1xx_hal_cortex.c.obj
 .debug_frame   0x00000c44      0x144 CMakeFiles/clion_f1_project.elf.dir/Drivers/STM32F1xx_HAL_Driver/Src/stm32f1xx_hal_dma.c.obj
 .debug_frame   0x00000d88       0xe4 CMakeFiles/clion_f1_project.elf.dir/Drivers/STM32F1xx_HAL_Driver/Src/stm32f1xx_hal_gpio.c.obj
 .debug_frame   0x00000e6c      0x190 CMakeFiles/clion_f1_project.elf.dir/Drivers/STM32F1xx_HAL_Driver/Src/stm32f1xx_hal_rcc.c.obj
 .debug_frame   0x00000ffc       0x64 CMakeFiles/clion_f1_project.elf.dir/Drivers/STM32F1xx_HAL_Driver/Src/stm32f1xx_hal_rcc_ex.c.obj
 .debug_frame   0x00001060      0xb18 CMakeFiles/clion_f1_project.elf.dir/Drivers/STM32F1xx_HAL_Driver/Src/stm32f1xx_hal_tim.c.obj
 .debug_frame   0x00001b78      0x40c CMakeFiles/clion_f1_project.elf.dir/Drivers/STM32F1xx_HAL_Driver/Src/stm32f1xx_hal_tim_ex.c.obj
 .debug_frame   0x00001f84      0x5c4 CMakeFiles/clion_f1_project.elf.dir/Drivers/STM32F1xx_HAL_Driver/Src/stm32f1xx_hal_uart.c.obj
 .debug_frame   0x00002548       0x2c c:/clion/gcc-arm-none-eabi-10.3-2021.10/bin/../lib/gcc/arm-none-eabi/10.3.1/../../../../arm-none-eabi/lib/thumb/v7-m/nofp\libg.a(lib_a-init.o)
 .debug_frame   0x00002574       0x2c c:/clion/gcc-arm-none-eabi-10.3-2021.10/bin/../lib/gcc/arm-none-eabi/10.3.1/../../../../arm-none-eabi/lib/thumb/v7-m/nofp\libg.a(lib_a-memset.o)
 .debug_frame   0x000025a0       0x5c c:/clion/gcc-arm-none-eabi-10.3-2021.10/bin/../lib/gcc/arm-none-eabi/10.3.1/../../../../arm-none-eabi/lib/thumb/v7-m/nofp\libg.a(lib_a-__call_atexit.o)
 .debug_frame   0x000025fc       0x20 c:/clion/gcc-arm-none-eabi-10.3-2021.10/bin/../lib/gcc/arm-none-eabi/10.3.1/../../../../arm-none-eabi/lib/thumb/v7-m/nofp\libg.a(lib_a-atexit.o)
 .debug_frame   0x0000261c       0x34 c:/clion/gcc-arm-none-eabi-10.3-2021.10/bin/../lib/gcc/arm-none-eabi/10.3.1/../../../../arm-none-eabi/lib/thumb/v7-m/nofp\libg.a(lib_a-fini.o)
 .debug_frame   0x00002650       0xb0 c:/clion/gcc-arm-none-eabi-10.3-2021.10/bin/../lib/gcc/arm-none-eabi/10.3.1/../../../../arm-none-eabi/lib/thumb/v7-m/nofp\libg.a(lib_a-lock.o)
 .debug_frame   0x00002700       0x34 c:/clion/gcc-arm-none-eabi-10.3-2021.10/bin/../lib/gcc/arm-none-eabi/10.3.1/../../../../arm-none-eabi/lib/thumb/v7-m/nofp\libg.a(lib_a-__atexit.o)
